[itcstore.in/index.html]
[cdn.shopify.com/s/files/1/0173/7644/4470/t/173/assets/vendor.mine0cf.css]
[cdn.shopify.com/s/files/1/0173/7644/4470/t/173/assets/theme_style3925.css]
[backblue.gif]
[fade.gif]
[index.html]
[cdn.shopify.com/s/files/1/0173/7644/4470/files/Fevicon_32x328247.png]
[cdn.shopify.com/s/files/1/0173/7644/4470/t/173/assets/adobe_datalayer2466.js]
[assets.adobedtm.com/28fd456592e1/d009ce231e19/launch-7cba94a054a7.min.js]
[itcstore.in/POST]
[cdn.shopify.com/shopifycloud/shopify/assets/shop_events_listener-eb19870e6f215e4e4acd8067d24ecfcbfee2d96d96aa8607e8fd45edf40eacc6.js]
[cdn.shopify.com/shopifycloud/shopify/assets/storefront/load_feature-a55261a7a987674749989983b5889eadaac6795d8d48548fb61470a96edb9524.js]
[cdn.shopify.com/s/trekkie.storefront.394f865f8d6108738ae86d60764e7039611ab0bf.min.js]
[cdn.shopify.com/s/files/1/0173/7644/4470/files/logo78eb.png]
[cdn.shopify.com/shopifycloud/boomerang/shopify-boomerang-1.0.0.min.js]
[cdn.shopify.com/shopifycloud/shopify/assets/storefront/features-87e8399988880142f2c62771b9d8f2ff6c290b3ff745dd426eb0dfe0db9d1dae.js]
[itcstore.in/account/login4236.html]
[cdn.shopify.com/s/files/1/0173/7644/4470/t/173/assets/halo7f26.js]
[itcstore.in/account/login.html]
[itcstore.in/collections/foods.html]
[itcstore.in/collections/sunfeast-biscuits-cakes.html]
[itcstore.in/pages/sunfeast-marie-light.html]
[itcstore.in/pages/sunfeast-dark-fantasy.html]
[itcstore.in/pages/sunfeast-farmlite.html]
[itcstore.in/pages/sunfeast-bounce.html]
[itcstore.in/pages/sunfeast-caker.html]
[itcstore.in/pages/sunfeast-moms-magic.html]
[itcstore.in/pages/sunfeast-all-rounder.html]
[itcstore.in/collections/noodles-and-pasta.html]
[itcstore.in/pages/sunfeast-yippee-pasta.html]
[itcstore.in/pages/sunfeast-yippee-noodles.html]
[itcstore.in/collections/staples.html]
[itcstore.in/pages/aashirvaad-atta.html]
[itcstore.in/pages/aashirvaad-spices.html]
[itcstore.in/pages/aashirvaad-masalas.html]
[itcstore.in/pages/aashirvaad-iodised-salt.html]
[itcstore.in/pages/aashirvaad-organic-atta-and-dals.html]
[itcstore.in/pages/itc-master-chef-cooking-paste.html]
[itcstore.in/pages/cooking-ingredients.html]
[itcstore.in/pages/itc-master-chef-all-purpose-gravies.html]
[itcstore.in/pages/sunrise-pure.html]
[itcstore.in/collections/snacks.html]
[itcstore.in/pages/bingo-mad-angles.html]
[itcstore.in/pages/bingo-original-style.html]
[itcstore.in/pages/bingo-potato-chips.html]
[itcstore.in/pages/bingo-tedhe-medhe.html]
[itcstore.in/collections/beverages.html]
[itcstore.in/pages/b-natural.html]
[itcstore.in/pages/gourmet-sunbean-coffee.html]
[itcstore.in/pages/sunbean-beaten-coffee.html]
[itcstore.in/pages/sunfeast-milkshakes.html]
[itcstore.in/collections/dairy.html]
[itcstore.in/pages/aashirvaad-svasti-ghee.html]
[itcstore.in/pages/itc-paneer.html]
[itcstore.in/pages/aashirvaad-instant-mixes.html]
[itcstore.in/collections/ready-to-eat.html]
[itcstore.in/pages/kitchens-of-india.html]
[itcstore.in/pages/aashirvaad-instant-meals.html]
[itcstore.in/pages/itc-master-chef-spreads-dips.html]
[itcstore.in/collections/confectionery.html]
[itcstore.in/pages/jelimals.html]
[itcstore.in/pages/candyman-fantastik.html]
[itcstore.in/pages/candyman-choco-double-eclairs.html]
[itcstore.in/collections/chocolate.html]
[itcstore.in/pages/fabelle-chocolate.html]
[itcstore.in/pages/fabelle-luxury-chocolates.html]
[itcstore.in/collections/frozen-food.html]
[itcstore.in/pages/itc-master-chef-frozen-snacks.html]
[itcstore.in/pages/itc-master-chef-frozen-prawns.html]
[itcstore.in/pages/farmland.html]
[itcstore.in/collections/personal-care.html]
[itcstore.in/pages/savlon.html]
[itcstore.in/collections/savlon-antiseptic.html]
[itcstore.in/collections/savlon-body-wash-shower-gel.html]
[itcstore.in/collections/savlon-surface-disinfectant.html]
[itcstore.in/collections/savlon-clothes-disinfectant-spray.html]
[itcstore.in/collections/savlon-ffp2-s-masks.html]
[itcstore.in/collections/savlon-wipes.html]
[itcstore.in/collections/savlon-hand-sanitizers.html]
[itcstore.in/collections/savlon-handwash.html]
[itcstore.in/collections/savlon-laundry-disinfectant.html]
[itcstore.in/collections/savlon-home-cleaners.html]
[itcstore.in/collections/savlon-soap.html]
[itcstore.in/pages/charmis.html]
[itcstore.in/collections/charmis-creams.html]
[itcstore.in/collections/charmis-facewash.html]
[itcstore.in/collections/charmis-serum.html]
[itcstore.in/collections/charmis-hand-cream.html]
[itcstore.in/pages/dermafique.html]
[itcstore.in/collections/dermafique-anti-ageing.html]
[itcstore.in/collections/dermafique-body-care.html]
[itcstore.in/collections/dermafique-cleanser.html]
[itcstore.in/collections/dermafique-face-mask.html]
[itcstore.in/collections/dermafique-hydration.html]
[itcstore.in/collections/dermafique-skin-toner.html]
[itcstore.in/collections/dermafique-sun-care.html]
[itcstore.in/pages/engage.html]
[itcstore.in/collections/engage-cologne.html]
[itcstore.in/collections/engage-deodorant.html]
[itcstore.in/collections/engage-lamante-premium-perfume.html]
[itcstore.in/collections/engage-perfume-spray.html]
[itcstore.in/collections/engage-pocket-perfume.html]
[itcstore.in/pages/essenza-di-wills.html]
[itcstore.in/collections/essenza-di-wills-luxury-perfume.html]
[itcstore.in/collections/essenza-di-wills-luxury-deodorant.html]
[itcstore.in/collections/essenza-di-wills-soaps.html]
[itcstore.in/pages/fiama-soap.html]
[itcstore.in/collections/fiama-body-wash-shower-gel.html]
[itcstore.in/collections/fiama-handwash.html]
[itcstore.in/collections/fiama-soaps.html]
[itcstore.in/pages/nimeasy.html]
[itcstore.in/collections/nimeasy-dishwash-liquid.html]
[itcstore.in/pages/nimwash.html]
[itcstore.in/collections/vegetable-fruit-wash.html]
[itcstore.in/pages/nimyle.html]
[itcstore.in/collections/floor-cleaner.html]
[itcstore.in/pages/shower-to-shower.html]
[itcstore.in/collections/shower-to-shower-talc.html]
[itcstore.in/pages/vivel.html]
[itcstore.in/collections/vivel-body-wash.html]
[itcstore.in/collections/vivel-soap.html]
[itcstore.in/collections/stationery.html]
[itcstore.in/pages/classmate.html]
[itcstore.in/pages/paperkraft.html]
[itcstore.in/collections/matches-and-agarbatti.html]
[itcstore.in/pages/homelites.html]
[itcstore.in/pages/mangaldeep.html]
[itcstore.in/collections/shop-all.html]
[cdn.shopify.com/s/files/1/0173/7644/4470/files/Aashirvaad_desktop9ad4.jpg]
[cdn.shopify.com/s/files/1/0173/7644/4470/files/Aashirvaad-Mobileff44.jpg]
[itcstore.in/collections/new-launch.html]
[cdn.shopify.com/s/files/1/0173/7644/4470/files/1500-375_1dc53.jpg]
[itcstore.in/collections/staples/index.html]
[itcstore.in/collections/itc-masterchef-snacks/index.html]
[cdn.shopify.com/s/files/1/0173/7644/4470/files/750-364_80417f29-6c8e-4568-9a66-1c16eff36298d7af.jpg]
[cdn.shopify.com/s/files/1/0173/7644/4470/files/Personal_care-Desktop_8939ba61-9052-489f-b516-13ab48c14d08d6d3.jpg]
[itcstore.in/collections/fiama-dermafique-savlon.html]
[cdn.shopify.com/s/files/1/0173/7644/4470/files/Personal_care-Mobile_c73aaae8-4ca9-456c-b7d2-40d896ad93c86644.jpg]
[cdn.shopify.com/s/files/1/0173/7644/4470/files/eStore_Banner1_home_Scltd-Desktop_e8c005a9-1103-4460-ae05-90fcab699c29b5b5.jpg]
[cdn.shopify.com/s/files/1/0173/7644/4470/files/New-Launch-Banner01-Nimeasy-Mob0c8a.jpg]
[itcstore.in/collections/agarbatti-pcpb.html]
[itcstore.in/collections/shop-all/india-products.html]
[itcstore.in/products/nimeasy-dishwash-liquid-gel-1l-kitchen-utensil-cleaner-lift-off-action-with-enzyme-technology-india-products.html]
[itcstore.in/collections/deodorant-offer.html]
[cdn.shopify.com/s/files/1/0173/7644/4470/files/MstrChef-Spreads-Dips-Discnt-Bnr3_882a1b1a-4be0-4b28-b755-b3259f319472_1024x1024_crop_centerd71a.jpg]
[itcstore.in/collections/sunbean-coffee-offer/index.html]
[itcstore.in/collections/noodles-and-pasta/index.html]
[cdn.shopify.com/s/files/1/0173/7644/4470/files/Ready-To-Eat3b6f.jpg]
[itcstore.in/collections/kitchens-of-india/index.html]
[cdn.shopify.com/s/files/1/0173/7644/4470/files/Beveragesa36f.jpg]
[itcstore.in/collections/fragrance.html]
[cdn.shopify.com/s/files/1/0173/7644/4470/files/073-21-Banner-for-E-store-1170x244px_49d11738-f3a5-446f-9e11-c981b5d33e5ad4f7.jpg]
[itcstore.in/_190x190.jpg]
[itcstore.in/collections/master-chef-new-launch.html]
[itcstore.in/_190x190.png]
[itcstore.in/collections/b-natural-explore.html]
[itcstore.in/pages/savlon-handwash.html]
[itcstore.in/collections/best-seller-home.html]
[itcstore.in/collections/aashirvaad-health-range.html]
[itcstore.in/[product_handle]]
[cdn.shopify.com/s/files/1/0173/7644/4470/files/itc.png]
[itcstore.in/collections/sunfeast.html]
[itcstore.in/collections/back-to-college.html]
[itcstore.in/collections/monthly-essentials.html]
[itcstore.in/collections/go-fit.html]
[itcstore.in/collections/binge-and-chill.html]
[itcstore.in/pages/need-based-basket.html]
[itcstore.in/collections/biscuits-cakes/india-products]
[itcstore.in/pages/savlon-hand-sanitizer.html]
[itcstore.in/pages/savlon-soap.html]
[itcstore.in/pages/savlon-body-wash-shower-gel.html]
[itcstore.in/pages/savlon-antiseptic.html]
[itcstore.in/pages/savlon-surface-disinfectant.html]
[itcstore.in/pages/savlon-mask.html]
[itcstore.in/pages/fiama-handwash.html]
[itcstore.in/pages/fiama-body-wash-shower-gel.html]
[itcstore.in/pages/essenza-di-wills-fragrance.html]
[itcstore.in/pages/essenza-di-wills-bathing-bar.html]
[itcstore.in/pages/vivel-soap.html]
[itcstore.in/pages/vivel-body-wash-shower-gel.html]
[itcstore.in/collections/ready-to-eat/india-products.html]
[itcstore.in/collections/chocolate/india-products.html]
[itcstore.in/collections/frozen-food/india-products.html]
[itcstore.in/collections/handwash/india-products.html]
[itcstore.in/collections/fragrance/india-products.html]
[itcstore.in/collections/vegetable-fruit-wash/india-products.html]
[itcstore.in/collections/floor-cleaner/india-products.html]
[itcstore.in/collections/soaps/india-products.html]
[itcstore.in/collections/body-wash-shower-gel/india-products.html]
[itcstore.in/collections/skin-care/india-products.html]
[itcstore.in/collections/sanitizers/india-products.html]
[itcstore.in/collections/stationery/india-products.html]
[itcstore.in/collections/matches-and-agarbatti/india-products.html]
[itcstore.in/collections/antiseptic/india-products.html]
[itcstore.in/pages/privacy-policy.html]
[itcstore.in/pages/terms-of-use.html]
[itcstore.in/pages/returns-refunds-and-cancellation.html]
[itcstore.in/pages/billing-terms-and-conditions.html]
[itcstore.in/pages/fabelle-boxed-chocolates.html]
[itcstore.in/blogs/home.html]
[cdn.judge.me/shopify_v2.js]
[itcstore.in/pages/contact-us-new.html]
[cdn.judge.me/shopify_v2.css]
[cdn.shopify.com/shopifycloud/shopify/assets/themes_support/api.jquery-e94e010e92e659b566dbc436fdfe5242764380e00398907a14955ba301a4749f.js]
[cdn.shopify.com/shopifycloud/shopify/assets/themes_support/option_selection-fe6b72c2bbdd3369ac0bfefe8648e3c889efca213baefd4cfb0dd9363563831f.js]
[cdn.shopify.com/s/files/1/0173/7644/4470/t/173/assets/moment.mine41e.js]
[itcstore.in/itcstore.in]
[cdnjs.cloudflare.com/ajax/libs/template7/1.4.0/template7.js]
[itcstore.in/account/register.html]
[cdn.jsdelivr.net/npm/@searchtap/search-client/lib/index.min.js]
[itcstore.in/cart.html]
[itcstore.in/collections/chocolate/delhi-de5140.html]
[itcstore.in/collections/staples/delhi-de5140.html]
[itcstore.in/collections/dairy/delhi-de5140.html]
[itcstore.in/collections/biscuits-cakes/delhi-de5140]
[itcstore.in/collections/snacks/delhi-de5140.html]
[itcstore.in/collections/noodles-and-pasta/delhi-de5140.html]
[itcstore.in/collections/index.html]
[itcstore.in/collections/frozen-food/delhi-de5140.html]
[itcstore.in/products/index.html]
[itcstore.in/collections/ready-to-eat/delhi-de5140.html]
[itcstore.in/collections/beverages/delhi-de5140.html]
[itcstore.in/collections/fragrance/delhi-de5140.html]
[itcstore.in/index.html]
[cdn.shopify.com/s/files/1/0173/7644/4470/t/173/assets/up-arrow.svg]
[cdn.shopify.com/s/files/1/0173/7644/4470/t/173/assets/remove.svg]
[cdn.shopify.com/s/files/1/0173/7644/4470/t/173/assets/add.svg]
[cdn.shopify.com/s/files/1/0173/7644/4470/t/173/assets/go-top.svg]
[itcstore.in/collections/shop-all/delhi-de5140.html]
[cdn.shopify.com/s/files/1/0173/7644/4470/t/173/assets/rolling.gif]
[cdn.shopify.com/s/files/1/0173/7644/4470/t/173/assets/itc-no-result.svg]
[cdn.shopify.com/s/files/1/0173/7644/4470/t/173/assets/st-white-icon.svg]
[cdn.shopify.com/s/files/1/0173/7644/4470/t/173/assets/search.svg]
[cdn.shopify.com/s/files/1/0173/7644/4470/t/173/assets/cross.svg]
[cdn.shopify.com/s/files/1/0173/7644/4470/t/173/assets/sort.svg]
[cdn.shopify.com/s/files/1/0173/7644/4470/t/173/assets/filter-icon.svg]
[cdn.shopify.com/s/files/1/0173/7644/4470/t/173/assets/error-bg.jpg]
[maxcdn.bootstrapcdn.com/font-awesome/4.7.0/css/font-awesome.min.css]
[cdn.shopify.com/s/files/1/0173/7644/4470/t/173/assets/left-arrow.svg]
[cdn.shopify.com/s/files/1/0173/7644/4470/t/173/assets/right-arrow.svg]
[cdn.shopify.com/s/files/1/0173/7644/4470/t/173/assets/select-down.svg]
[cdn.shopify.com/s/files/1/0173/7644/4470/t/173/assets/vendor.mine0cf.css]
[cdn.shopify.com/s/files/1/0173/7644/4470/t/173/assets/fontawesome-webfont.woff2]
[cdn.shopify.com/s/files/1/0173/7644/4470/t/173/assets/fontawesome-webfont.woff]
[cdn.shopify.com/s/files/1/0173/7644/4470/t/173/assets/fontawesome-webfont.ttf]
[cdn.shopify.com/s/files/1/0173/7644/4470/files/down-arrow7b66.png]
[cdn.shopify.com/s/files/1/0173/7644/4470/t/173/assets/theme_style3925.css]
[itcstore.in/post.ef.delayed]
[connect.facebook.net/en_US/fbevents.js]
[itcstore.in/GET.f1.delayed]
[assets.adobedtm.com/28fd456592e1/d009ce231e19/launch-7cba94a054a7.min.js]
[www.googletagmanager.com/gtm5445.html]
[itcstore.in/checkouts/index.html]
[itcstore.in/POST.html]
[cdn.shopify.com/shopifycloud/shopify/assets/themes_support/shopify_common-8ea6ac3faf357236a97f5de749df4da6e8436ca107bc3a4ee805cbf08bc47392.js]
[cdn.shopify.com/shopifycloud/shopify/assets/themes_support/customer_area-4beccea87758d91106a581ba89341d9b51842f6da79209258c8297239e950343.js]
[itcstore.in/employeeitcstore.in/account/index.html]
[itcstore.in/orders/index.html]
[itcstore.in/account/POST.f4.delayed]
[itcstore.in/account/login4236.html]
[itcstore.in/account/login.html]
[itcstore.in/collections/foods/india-products.html]
[itcstore.in/collections/foods.atom]
[itcstore.in/collections/foods4658.html]
[itcstore.in/collections/foods.oembed]
[itcstore.in/collections/POST]
[cdn.shopify.com/s/files/1/0173/7644/4470/files/2020_Sept_eStore_CurWeb_Sunfeast_yiPPee_magic_masala_Banner01af5e.jpg]
[cdn.shopify.com/s/files/1/0173/7644/4470/files/2020_Sept_eStore_CurWeb_Sunfeast_yiPPee_magic_masala_Banner01_Mobiled4e1.jpg]
[itcstore.in/collections/foods9ba9.html]
[itcstore.in/collections/foodsae40.html]
[cdn.shopify.com/s/files/1/0173/7644/4470/t/173/assets/bc-sf-filter.scss42c9.css]
[cdn.shopify.com/s/files/1/0173/7644/4470/t/173/assets/bc-sf-search9aa5.js]
[cdn.shopify.com/s/files/1/0173/7644/4470/t/173/assets/bc-sf-filter-inita755.js]
[itcstore.in/collections/foods.html]
[cdn.shopify.com/s/files/1/0173/7644/4470/t/173/assets/bc-sf-filterb86b.js]
[itcstore.in/collections/sunfeast-biscuits-cakes/india-products.html]
[itcstore.in/collections/sunfeast-biscuits-cakes.atom]
[itcstore.in/collections/sunfeast-biscuits-cakes4658.html]
[cdn.shopify.com/s/files/1/0173/7644/4470/t/173/assets/bc-sf-filter-libcc2d.js]
[itcstore.in/collections/sunfeast-biscuits-cakes9ba9.html]
[itcstore.in/collections/sunfeast-biscuits-cakes763c.html]
[itcstore.in/collections/sunfeast-biscuits-cakes.oembed]
[itcstore.in/collections/sunfeast-biscuits-cakes.html]
[itcstore.in/pages/POST]
[cdn.shopify.com/s/files/1/0173/7644/4470/files/Marie-Banner-Page_7b2b7e9b-9a41-4e8a-9d14-0e5da1ee9a988f57.png]
[cdn.shopify.com/s/files/1/0173/7644/4470/files/Marie_Light_700x340_b0eba450-705b-46ba-9293-85fdcdbd8131_480x480539e.jpg]
[cdn.shopify.com/s/files/1/0173/7644/4470/files/SF-Rich-tastef0e6.png]
[itcstore.in/collections/sunfeast-marie-light.html]
[cdn.shopify.com/s/files/1/0173/7644/4470/files/SF-Oats7d91.png]
[cdn.shopify.com/s/files/1/0173/7644/4470/files/SF-Orangebc04.png]
[cdn.shopify.com/s/files/1/0173/7644/4470/files/Veda-marief953.png]
[cdn.shopify.com/s/files/1/0173/7644/4470/products/SFMARIELT300-PR_8901725114947_1_200x2004eb4.jpg]
[cdn.shopify.com/s/files/1/0173/7644/4470/products/SFMARIELT300-PR_8901725114947_2_200x2004eb4.jpg]
[itcstore.in/products/sunfeast-marie-light-active-250g-rs-30-india-products.html]
[itcstore.in/collections/vendors4f06.html]
[itcstore.in/products/sunfeast-marie-light-veda-250g-inr-30-india-products.html]
[cdn.shopify.com/s/files/1/0173/7644/4470/products/SFMARIELTVEDA250-1_8901725114985_1_200x2000e61.jpg]
[cdn.shopify.com/s/files/1/0173/7644/4470/products/SFMARIELTVEDA250-1_8901725114985_2_200x20075de.jpg]
[cdn.shopify.com/s/files/1/0173/7644/4470/products/SFMARIELT300_8901725114954_1_3ca8e533-f3ad-44e7-9303-cba257e2c4a5_200x200f0dd.jpg]
[cdn.shopify.com/s/files/1/0173/7644/4470/products/SFMARIELT300_8901725114954_2_9eac09ef-9773-40b7-a871-906e9f401546_200x200f0dd.jpg]
[itcstore.in/products/sunfeast-marie-light-active-300g-rs-30-india-products.html]
[cdn.shopify.com/s/files/1/0173/7644/4470/products/MAGICMASALA93_8901725116736_1_ac2fe49f-924b-4c54-b632-60367f81e011_200x200b750.jpg]
[cdn.shopify.com/s/files/1/0173/7644/4470/products/MAGICMASALA93_8901725116736_2_269be3d6-280b-45cc-ac31-a65b650b4215_200x200b750.jpg]
[itcstore.in/products/sunfeast-yippee-magic-masala-560g-india-products.html]
[cdn.shopify.com/s/files/1/0173/7644/4470/products/SFMARIELTVEDA75-PR_8901725115487_1_200x200aac6.jpg]
[cdn.shopify.com/s/files/1/0173/7644/4470/products/SFMARIELTVEDA75-PR_8901725115487_2_200x200f28b.jpg]
[itcstore.in/collections/vendors975d.html]
[itcstore.in/products/sunfeast-marie-light-veda-75g-15g-rs-10-india-products.html]
[cdn.shopify.com/s/files/1/0173/7644/4470/products/SFMARIELTVEDA250-PR_8901725107932_1_200x2001855.jpg]
[cdn.shopify.com/s/files/1/0173/7644/4470/products/SFMARIELTVEDA250-PR_8901725107932_2_200x2008b40.jpg]
[itcstore.in/products/sunfeast-marie-light-veda-250g-rs-30-india-products.html]
[cdn.shopify.com/s/files/1/0173/7644/4470/products/SFMARIELTVEDA75-1_8901725114978_1_200x2007311.jpg]
[cdn.shopify.com/s/files/1/0173/7644/4470/products/SFMARIELTVEDA75-1_8901725114978_2_200x20078b4.jpg]
[itcstore.in/products/sunfeast-marie-light-veda-75g-rs-10-india-products.html]
[cdn.shopify.com/s/files/1/0173/7644/4470/products/SFMARIEORNG183-1_8901725115043_1_200x200c048.jpg]
[cdn.shopify.com/s/files/1/0173/7644/4470/products/SFMARIEORNG183-1_8901725115043_2_200x200ad73.jpg]
[itcstore.in/products/sunfeast-marie-light-vita-orange-120g-rs-15-india-products.html]
[cdn.shopify.com/s/files/1/0173/7644/4470/products/SFMARIEOATSMRP25-1_8901725115029_1_200x2005e8c.jpg]
[cdn.shopify.com/s/files/1/0173/7644/4470/products/SFMARIEOATSMRP25-1_8901725115029_3_200x200e8d6.jpg]
[cdn.shopify.com/s/files/1/0173/7644/4470/products/SFARPOTATOMSLA20_8901725116071_1_200x200d21b.jpg]
[itcstore.in/products/sunfeast-marie-light-oats-fibre-200g-rs-25-india-products.html]
[cdn.shopify.com/s/files/1/0173/7644/4470/products/SFARPOTATOMSLA20_8901725116071_2_200x200d21b.jpg]
[itcstore.in/products/sunfeast-all-rounder-biscuits-thin-potato-masala-salted-biscuits-75g-india-products.html]
[cdn.shopify.com/s/files/1/0173/7644/4470/products/HeroFOP_DFChocoCreme_300g_8901725112783_200x2002d5b.jpg]
[itcstore.in/collections/vendors65bf.html]
[cdn.shopify.com/s/files/1/0173/7644/4470/products/FOPPrimary_DFChocoCreme_300g_8901725112783_200x2002d5b.jpg]
[itcstore.in/products/sunfeast-dark-fantasy-chocolate-creme-300g-dark-crunchy-biscuits-with-smooth-creme-india-products.html]
[cdn.shopify.com/s/files/1/0173/7644/4470/products/HeroFOP_DFVanillaCreme_300g_8901725112264_200x200c2ea.jpg]
[cdn.shopify.com/s/files/1/0173/7644/4470/products/FOPPrimary_DFVanillaCreme_300g_8901725112264_200x200c2ea.jpg]
[itcstore.in/collections/vendors1121.html]
[itcstore.in/products/sunfeast-dark-fantasy-vanilla-creme-300g-dark-crunchy-biscuits-with-smooth-cr-me-india-products.html]
[cdn.shopify.com/s/files/1/0173/7644/4470/products/DFCHNUTFILLS75G_8901725112653_1_5cc7efd2-627b-486d-b9c1-9abb77f6d40c_200x200a3b9.jpg]
[cdn.shopify.com/s/files/1/0173/7644/4470/products/DFCHNUTFILLS75G_8901725112653_2_8b058563-a2d2-4258-9552-5ae8b13b592d_200x200a3b9.jpg]
[cdn.shopify.com/s/files/1/0173/7644/4470/products/8901725113032_FRMLTEVEDADIG250_1_625268ec-8960-4417-aa3d-0e03c985da15_200x200f8df.jpg]
[itcstore.in/products/sunfeast-dark-fantasy-choco-nut-fills-75g-original-filled-cookies-with-nuts-india-products.html]
[cdn.shopify.com/s/files/1/0173/7644/4470/products/8901725113032_FRMLTEVEDADIG250_2_03f78f76-bfeb-4b6c-86a5-3040e8164165_200x200f8df.jpg]
[itcstore.in/products/sunfeast-farmlite-veda-disgestive-250g-india-products.html]
[itcstore.in/collections/vendors3d02.html]
[cdn.shopify.com/s/files/1/0173/7644/4470/products/8901725113025_FRMLTEVEDADIG100_1_2384907b-f6fe-475a-955e-b9e5c9026a5e_200x20062c2.jpg]
[cdn.shopify.com/s/files/1/0173/7644/4470/products/8901725113025_FRMLTEVEDADIG100_2_519b6554-53c3-4cc3-95e5-e1f4b55fd194_200x20062c2.jpg]
[cdn.shopify.com/s/files/1/0173/7644/4470/products/8901725113056_FRMLTENUTSDIG250_1_200x2003f29.jpg]
[cdn.shopify.com/s/files/1/0173/7644/4470/products/8901725113056_FRMLTENUTSDIG250_2_200x2003f29.jpg]
[itcstore.in/products/sunfeast-farmlite-veda-disgestive-100g-india-products.html]
[cdn.shopify.com/s/files/1/0173/7644/4470/products/8901725113049_FRMLTENUTSDIG100_1_200x2002ede.jpg]
[cdn.shopify.com/s/files/1/0173/7644/4470/products/8901725113049_FRMLTE-NUTSDIG-100_2_200x20012e0.jpg]
[itcstore.in/products/sunfeast-farmlite-nuts-digestive-biscuits-250g-india-products.html]
[cdn.shopify.com/s/files/1/0173/7644/4470/products/8901725114626_FRMLTE5SDDIG250_1_200x2004f9c.jpg]
[itcstore.in/products/sunfeast-farmlite-nuts-digestive-biscuits-100g-india-products.html]
[cdn.shopify.com/s/files/1/0173/7644/4470/products/8901725114626_FRMLTE5SDDIG250_2_200x2004f9c.jpg]
[itcstore.in/products/sunfeast-farmlite-5-seed-digestive-250g-india-products.html]
[cdn.shopify.com/s/files/1/0173/7644/4470/products/8901725114619_FRMLTE5SDDIG100_1_200x2007139.jpg]
[cdn.shopify.com/s/files/1/0173/7644/4470/products/8901725114619_FRMLTE5SDDIG100_2_200x200b70e.jpg]
[itcstore.in/products/sunfeast-farmlite-5-seed-digestive-100g-india-products.html]
[cdn.shopify.com/s/files/1/0173/7644/4470/products/1-Hero_b0bf6a90-3fcc-474c-9f97-62c61bb7539e_200x2002658.jpg]
[cdn.shopify.com/s/files/1/0173/7644/4470/products/2-FOP_62854ad7-d235-4e80-88e8-9102de7f4717_200x200bc84.jpg]
[itcstore.in/products/sunfeast-yippee-quikmealz-chicken-delight-india-products.html]
[cdn.shopify.com/s/files/1/0173/7644/4470/products/1-Hero_e893f83f-c35d-49c9-98fb-d1000fea4dc7_200x200c263.jpg]
[cdn.shopify.com/s/files/1/0173/7644/4470/products/2-FOP_eb1f8d91-d215-467c-9d6b-dd42033716fd_200x200b4cc.jpg]
[itcstore.in/products/sunfeast-yippee-quikmealz-veggie-delight-india-products.html]
[cdn.shopify.com/s/files/1/0173/7644/4470/products/SFMOMMAGICCA20_8901725135485_1_8c2f27ab-f4ac-44c4-9647-3ab11b925956_200x200e70f.jpg]
[cdn.shopify.com/s/files/1/0173/7644/4470/products/120g_Gallery-1_4.40_9ea9d0db-6f3c-4cf7-8f34-adc31126d7c4_200x200e70f.jpg]
[itcstore.in/products/sunfeast-moms-magic-cashew-almonds-100-20g-india-products.html]
[cdn.shopify.com/s/files/1/0173/7644/4470/products/TRICOLORMASALA70G_8901725184117_1_7c5ba735-8aac-4a9c-a171-a45c7d6c36ca_200x200af30.jpg]
[itcstore.in/collections/vendors9447.html]
[cdn.shopify.com/s/files/1/0173/7644/4470/products/TRICOLORMASALA70G_8901725184117_2_56f773cf-6884-47c5-9142-d2acb34de221_200x200af30.jpg]
[itcstore.in/products/sunfeast-yippee-tricolor-pasta-masala-65g-promo-india-products.html]
[cdn.shopify.com/shopifycloud/shopify/assets/no-image-2048-5e88c1b20e087fb7bbe9a3771824e743c244f437e4f8ba93bbf7b11b53f7824c_200x200.gif]
[itcstore.in/collections/vendorscc45.html]
[cdn.shopify.com/s/files/1/0173/7644/4470/products/YiPPee-Saucy-Masala---260g-Hero-Image_200x2004945.jpg]
[cdn.shopify.com/s/files/1/0173/7644/4470/products/SAUCYMASALA260_8901725181819_2_6d92184f-9a18-4045-a48d-7edb45645877_200x2007575.jpg]
[itcstore.in/products/itc-sunfeast-yippee-saucy-masala-260g-india-products.html]
[itcstore.in/products/yippee-tricolorpastacrmycorn65g-cp-india-products.html]
[cdn.shopify.com/s/files/1/0173/7644/4470/products/SAUCYMASALA65_8901725181802_1_200x200de76.jpg]
[cdn.shopify.com/s/files/1/0173/7644/4470/products/SAUCYMASALA65_8901725181802_2_c365efbc-8fbe-4c25-b782-6c012dd98010_200x200de76.jpg]
[itcstore.in/products/itc-sunfeast-yippee-saucy-masala-65g-india-products.html]
[cdn.shopify.com/s/files/1/0173/7644/4470/products/MAGICMASALA67P_8901725181260_1_1_200x20039a6.jpg]
[cdn.shopify.com/s/files/1/0173/7644/4470/products/MAGICMASALA67P_8901725181260_2_200x20039a6.jpg]
[cdn.shopify.com/s/files/1/0173/7644/4470/products/MAGICMASALAMRP40P_8901725181246_1_85153a0c-288a-4bc0-ae53-4360625095fb_200x2009b28.jpg]
[itcstore.in/products/magic-masala-360g-rs-68-tray-promo-india-products.html]
[cdn.shopify.com/s/files/1/0173/7644/4470/products/Magic-Masala-4in1_Tray-Promo-PACK-3D-Pack-FOP1_1_5c667340-8d32-41ff-b66b-5ff55aa87818_200x2009b28.jpg]
[itcstore.in/products/magic-masala-240g-rs-40-tray-promo-india-products.html]
[cdn.shopify.com/s/files/1/0173/7644/4470/products/SF_Vita-Marie_300g_FOP_1000x1000_827dba19-6c9f-4f38-8b09-caf2211d2959_200x20088f3.jpg]
[cdn.shopify.com/s/files/1/0173/7644/4470/products/SF_Vita-Marie_300g_BOP_1000x1000_57a98b99-4fb8-44e4-82c8-7ba86f017ec6_200x2008483.jpg]
[itcstore.in/products/sunfeast-marie-light-vita-300g-india-products.html]
[cdn.shopify.com/s/files/1/0173/7644/4470/products/MAGICMASALA67P_8901725181260_1_74f093d1-8f90-4d34-ac12-481f37cacc72_200x200d60d.jpg]
[cdn.shopify.com/s/files/1/0173/7644/4470/products/MAGICMASALA67P_8901725181260_2_fee88fae-717c-4020-a8f0-60d7b1d1eb9e_200x200d60d.jpg]
[itcstore.in/products/magic-masala-420g-rs-68-tray-promo-india-products.html]
[cdn.shopify.com/s/files/1/0173/7644/4470/products/Magic-Masala-4in1_Tray-Promo-PACK-3D-Pack-FOP1_1_8afb2304-60d3-407d-a9ca-a531f444fb20_200x2003aca.jpg]
[cdn.shopify.com/s/files/1/0173/7644/4470/products/MM_TrayPromo--4in1_PACK-3D-Pack-BOP-2402_e5bb8f0c-b571-4427-b060-411a711b675d_200x2003aca.jpg]
[itcstore.in/products/magic-masala-280g-rs-46-tray-promo-india-products.html]
[cdn.shopify.com/s/files/1/0173/7644/4470/products/SFCKRTRINITYCH120_8901725117290_1_c4f666fc-6440-49cb-b13b-6af92d58a068_200x200852d.jpg]
[cdn.shopify.com/s/files/1/0173/7644/4470/products/SFCKRTRINITYCH120_8901725117290_2_ae9ad935-02c2-4725-bcc8-1f282fff8036_200x200852d.jpg]
[itcstore.in/products/sunfeast-caker-trinity-with-choco-324g-india-products.html]
[itcstore.in/collections/vendorse4e8.html]
[cdn.shopify.com/s/files/1/0173/7644/4470/products/SFCKRTRINITYCH10_8901725117283_1_0565af17-d4ca-446c-9504-b06be3de9dae_200x200cba2.jpg]
[cdn.shopify.com/s/files/1/0173/7644/4470/products/SFCKRTRINITYCH10_8901725117283_2_c6c40e29-433a-437b-a16d-0a61aecb4995_200x2000a58.jpg]
[itcstore.in/products/sunfeast-caker-trinity-cake-triple-chocolate-27g-india-products.html]
[cdn.shopify.com/s/files/1/0173/7644/4470/products/SFCKRSWROLLCC120_8901725117276_1_511f1088-b736-4757-864c-75fe9311e1eb_200x20060ce.jpg]
[cdn.shopify.com/s/files/1/0173/7644/4470/products/SFCKRSWROLLCC120_8901725117276_2_1d9fff3a-23b2-4e95-b159-49b9d39d85bd_200x20060ce.jpg]
[itcstore.in/products/sunfeast-caker-swiss-roll-with-choco-336g-india-products.html]
[cdn.shopify.com/s/files/1/0173/7644/4470/products/SFCKRSWROLLCC10_8901725117269_1_e4d38627-9b27-4c55-b378-942f29123a9d_200x200e851.jpg]
[cdn.shopify.com/s/files/1/0173/7644/4470/products/SFCKRSWROLLCC10_8901725117269_2_6b234bd7-a6ed-4932-bb96-36018383e64e_200x200e851.jpg]
[itcstore.in/products/sunfeast-caker-swiss-roll-cake-chocolate-28g-india-products.html]
[cdn.shopify.com/s/files/1/0173/7644/4470/products/SFCKRBTRSCH120_12__8901725113834_1_14399d78-de67-482a-a0b4-fa5c3b1e2a29_200x200533d.jpg]
[cdn.shopify.com/s/files/1/0173/7644/4470/products/SFCKRBTRSCH120_12__8901725113834_2_20d110d8-62f2-44d9-8ae5-81cfeb48b59f_200x2008fdd.jpg]
[itcstore.in/products/sunfeast-caker-layered-with-butterscotch-flavour-300g-india-products.html]
[cdn.shopify.com/s/files/1/0173/7644/4470/products/SFCKRBTRSCH10_8901725113773_1_0a0e8251-4a30-41f1-a5b6-1b728948e2a2_200x20064ca.jpg]
[cdn.shopify.com/s/files/1/0173/7644/4470/products/SFCKRBTRSCH10_8901725113773_2_5f87d4a1-5550-491d-88d5-cc1176227939_200x20010eb.jpg]
[itcstore.in/products/sunfeast-caker-layered-with-butterscotch-flavour-25g-india-products.html]
[cdn.shopify.com/s/files/1/0173/7644/4470/products/MAGICMASALARS20-GM_8901725116996_1_2a0d3c11-30b6-4d05-8a74-0ecebea76418_200x200fffa.jpg]
[cdn.shopify.com/s/files/1/0173/7644/4470/products/MAGICMASALARS20-GM_8901725116996_2_fc389fff-710c-48d0-b52d-6d871f7f3174_200x200fffa.jpg]
[itcstore.in/products/yippee-magic-masala-noodles-120g-india-products.html]
[cdn.shopify.com/s/files/1/0173/7644/4470/products/FOP_Hero_Magic_Masala_2_in_1_140g_8901725181239_1024x1024_190e9b2b-22ba-4460-a659-89b931ae3b9e_200x2007060.jpg]
[cdn.shopify.com/s/files/1/0173/7644/4470/products/140g-Gallery-1_cfc0d513-9b46-49f6-94ed-c469fe21d715_200x2007060.jpg]
[itcstore.in/products/sunfeast-yippee-magic-masala-noodles-140g-india-products.html]
[cdn.shopify.com/s/files/1/0173/7644/4470/products/MAGICMASALA67-GM_8901725116729_1_d5b3a465-46f4-4a45-8e32-fdc3119ef9ce_200x2007be2.jpg]
[cdn.shopify.com/s/files/1/0173/7644/4470/products/MAGICMASALA67-GM_8901725116729_2_616a69f2-c542-4a11-b259-927a9e3a7f9b_200x2000e21.jpg]
[itcstore.in/products/yippee-magic-masala-noodles-420g-india-products.html]
[cdn.shopify.com/s/files/1/0173/7644/4470/products/Magic_Masala_280g_BB_Hero_a5c0fcca-0022-4666-b53b-8017e50b121d_200x200b0a0.jpg]
[cdn.shopify.com/s/files/1/0173/7644/4470/products/280g-Gallery-1_ff99d01c-8bbc-4cf2-983c-913697217dbf_200x200b0a0.jpg]
[itcstore.in/products/yippee-magic-masala-noodles-280g-india-products.html]
[cdn.shopify.com/s/files/1/0173/7644/4470/products/Magic_Masala_70g_BB_Hero_c87a9eb9-617c-4f73-8230-2851287691e4_200x2000cf2.jpg]
[cdn.shopify.com/s/files/1/0173/7644/4470/products/70g-Gallery-1_e0363245-bce5-4f5f-a8f5-cc072d0ad42c_200x2000cf2.jpg]
[itcstore.in/products/yippee-magic-masala-noodles-70g-india-products.html]
[cdn.shopify.com/s/files/1/0173/7644/4470/products/Magic_Masala_32g_BB_Hero_fced8b80-568d-4d72-baeb-2f3153ed3c8a_200x200c0e2.jpg]
[cdn.shopify.com/s/files/1/0173/7644/4470/products/32G-Gallery-1_5bfbf4d1-d111-4cc6-822b-1eb013fd826a_200x200c0e2.jpg]
[itcstore.in/products/yippee-magic-masala-noodles-32g-india-products.html]
[cdn.shopify.com/s/files/1/0173/7644/4470/products/40111352-1_c68a521f-d2d1-4b16-bd5d-d2b933d3709d_200x2009e78.jpg]
[cdn.shopify.com/s/files/1/0173/7644/4470/products/40111352-2_25ecccf8-43eb-4e7e-8c8c-4f7373d2f652_200x20021aa.jpg]
[itcstore.in/products/sunfeast-farmlite-active-protein-power-sattu-cardamom-biscuits-150g-india-products.html]
[cdn.shopify.com/s/files/1/0173/7644/4470/products/40110218-1_258b57f4-afe0-4b7a-9dd9-c01044657563_200x2004351.jpg]
[cdn.shopify.com/s/files/1/0173/7644/4470/products/40110218-2_8b010f25-182c-480b-b8c7-208501a45939_200x2001a49.jpg]
[itcstore.in/products/sunfeast-dark-fantasy-yumfills-cake-253g-india-products.html]
[cdn.shopify.com/s/files/1/0173/7644/4470/products/40110217-1_d6cab7b7-93ec-46dd-a3b2-6367d9167dec_200x2009e1d.jpg]
[cdn.shopify.com/s/files/1/0173/7644/4470/products/40110217-2_30c07f1d-0435-4abf-a110-88144e99380d_200x2009dd0.jpg]
[itcstore.in/products/sunfeast-dark-fantasy-yumfills-cake-138g-india-products.html]
[cdn.shopify.com/s/files/1/0173/7644/4470/products/40058542-1_c5300fae-4871-48cb-a717-f6fcb5e2dad3_200x2001c37.jpg]
[cdn.shopify.com/s/files/1/0173/7644/4470/products/40058542-2_844c62ea-855a-4b06-8f56-ab7ff819bafc_200x20058b1.jpg]
[itcstore.in/products/sunfeast-farmlite-digestive-all-good-biscuits-100g-india-products.html]
[cdn.shopify.com/s/files/1/0173/7644/4470/products/FRMLTEOATCHO50_8901725135010_1_58023c5b-bcf8-4035-90c0-ae80f5cb937b_200x200613d.jpg]
[cdn.shopify.com/s/files/1/0173/7644/4470/products/FRMLTEOATCHO50_8901725135010_2_f26c3f68-4694-4b79-9037-fe646933b258_200x200bf7d.jpg]
[itcstore.in/products/sunfeast-farmlite-active-oats-with-chocolate-biscuits-150g-india-products.html]
[cdn.shopify.com/s/files/1/0173/7644/4470/products/40012932-1_84913046-c834-4a78-a967-86f8f07e6f7b_200x200fa72.jpg]
[cdn.shopify.com/s/files/1/0173/7644/4470/products/40012932-2_5ec34c80-1486-4ee6-8ff8-781fe66e5e80_200x2005044.jpg]
[itcstore.in/products/sunfeast-farmlite-active-oats-with-raisins-biscuits-75g-india-products.html]
[cdn.shopify.com/s/files/1/0173/7644/4470/products/40012931-1_cc5a34ce-8535-4d52-99fe-b5ada5f8af90_200x2009af2.jpg]
[cdn.shopify.com/s/files/1/0173/7644/4470/products/40012931-2_6badef07-58d3-4bca-8a7a-33b02afba87f_200x20047cf.jpg]
[cdnjs.cloudflare.com/ajax/libs/js-cookie/2.2.1/js.cookie.min.js]
[itcstore.in/products/sunfeast-farmlite-active-oats-with-almonds-biscuits-75g-india-products.html]
[itcstore.in/pages/_190x.jpg]
[itcstore.in/pages/sunfeast-marie-light.html]
[cdn.shopify.com/s/files/1/0173/7644/4470/files/Home-DF-Desktop_aec96489-c652-484c-bd3e-beb3ab149da286a8.jpg]
[cdn.shopify.com/s/files/1/0173/7644/4470/files/Home-DF-Mobile_9d6dbd42-0062-416e-89d8-bd8eec55dc8b_480x48087ae.jpg]
[cdn.shopify.com/s/files/1/0173/7644/4470/files/fresh-menucf56.jpg]
[itcstore.in/collections/sunfeast-dark-fantasy.html]
[cdn.shopify.com/s/files/1/0173/7644/4470/files/fresh-menu_480x480cf56.jpg]
[cdn.shopify.com/s/files/1/0173/7644/4470/files/banner-rough-27236.jpg]
[cdn.shopify.com/s/files/1/0173/7644/4470/files/banner-rough-2_480x4807236.jpg]
[cdn.shopify.com/s/files/1/0173/7644/4470/files/1_02f5c187-1de2-4d9b-86a1-cc2fcf6ebb877fcb.jpg]
[cdn.shopify.com/s/files/1/0173/7644/4470/files/2_ad989afd-4182-4c55-82d4-cc8b871093c82c38.jpg]
[cdn.shopify.com/s/files/1/0173/7644/4470/files/3_0d2233dc-7200-4b5e-9ca2-908671caa2c17fcb.jpg]
[cdn.shopify.com/s/files/1/0173/7644/4470/files/Fb4800.png]
[cdn.shopify.com/s/files/1/0173/7644/4470/files/twitterd990.png]
[cdn.shopify.com/s/files/1/0173/7644/4470/files/insta4722.png]
[cdn.shopify.com/s/files/1/0173/7644/4470/files/youtube4722.png]
[snapppt.com/widgets/widget_loader/41b1df6a-a415-4e91-815d-a772f1e43d03/carousel.js]
[itcstore.in/pages/sunfeast-dark-fantasy.html]
[cdn.shopify.com/s/files/1/0173/7644/4470/files/banner_49d459ea-88fd-42de-bd19-cd93d4a2d5693b0a.jpg]
[cdn.shopify.com/s/files/1/0173/7644/4470/files/banner_233b6d3e-2bc5-4f0a-b43a-a5a8a520fb42_480x48086f1.jpg]
[cdn.shopify.com/s/files/1/0173/7644/4470/files/Desktop_190d5.jpg]
[cdn.shopify.com/s/files/1/0173/7644/4470/files/Mobile_1b489.jpg]
[itcstore.in/collections/sunfeast-farmlite.html]
[cdn.shopify.com/s/files/1/0173/7644/4470/files/Desktop-2fbbb.jpg]
[cdn.shopify.com/s/files/1/0173/7644/4470/files/Mobile_2_431c2ba8-0b7f-4fa6-bec9-a87a7caa3248b766.jpg]
[cdn.shopify.com/s/files/1/0173/7644/4470/files/3_a36dffc7-87d3-43bc-b51d-49bfd8c00b35e50f.jpg]
[cdn.shopify.com/s/files/1/0173/7644/4470/files/4_a1a78e44-6bb6-4219-9746-599fef9d77d1ce91.jpg]
[cdn.shopify.com/s/files/1/0173/7644/4470/files/5_eff73ea1-77b4-4484-835a-8de2d9215ba76d12.jpg]
[cdn.shopify.com/s/files/1/0173/7644/4470/files/6_a24d763f-fdd9-493c-bd68-53338d34d108b58e.jpg]
[cdn.shopify.com/s/files/1/0173/7644/4470/files/background_f0085c67-994c-435e-90d0-9f52755d5e364ed8.jpg]
[itcstore.in/pages/sunfeast-farmlite.html]
[cdn.shopify.com/s/files/1/0173/7644/4470/files/11471460_Bounce_range_banner_02_1600x400px-01_9241fd9c-0199-441d-8628-6def34e04b4b292c.jpg]
[cdn.shopify.com/s/files/1/0173/7644/4470/files/11471460_Bounce_range_banner_02_500_x_230px-01_480x480_ca542dbe-8c27-4fb6-8387-eb84144f97bc_480x48071c4.jpg]
[cdn.shopify.com/s/files/1/0173/7644/4470/files/2_3b07b67d-e6bf-4db6-b4c6-d27cff908d2ba0c6.jpg]
[itcstore.in/collections/sunfeast-bounce.html]
[cdn.shopify.com/s/files/1/0173/7644/4470/files/1_4d9688a0-6460-43e9-aa5a-dc54997550e30eb4.jpg]
[cdn.shopify.com/s/files/1/0173/7644/4470/files/3_e192494a-91c5-4e02-9533-2736f6d42944d18c.jpg]
[itcstore.in/pages/sunfeast-bounce.html]
[cdn.shopify.com/s/files/1/0173/7644/4470/files/Desktop_Main-Banner_new_4a62678a-364b-4b74-b58c-4836ba3044df0158.jpg]
[cdn.shopify.com/s/files/1/0173/7644/4470/files/CAKER_Mobile_new_b336de8e-4d46-4cf0-8153-0f1af13051d9d7bc.jpg]
[cdn.shopify.com/s/files/1/0173/7644/4470/files/Trinity_image_1_4b0e8784-fe66-4421-8ee5-a549b9e935323fcc.jpg]
[itcstore.in/collections/sunfeast-caker.html]
[cdn.shopify.com/s/files/1/0173/7644/4470/files/Trinity_image_2_b9d32a79-7c44-499e-8d15-b82447761b5e3fcc.jpg]
[cdn.shopify.com/s/files/1/0173/7644/4470/files/Trinity_image_V2_5ef60701-8b09-4476-af84-60737c7eb334692e.jpg]
[cdn.shopify.com/s/files/1/0173/7644/4470/files/SwissRoll_image_1_512f4aea-bb1d-48d9-915b-9a7fa20fa112d855.jpg]
[cdn.shopify.com/s/files/1/0173/7644/4470/files/SwissRoll_image_2_35a993a2-f975-4819-8d11-5a88a3ade476d855.jpg]
[cdn.shopify.com/s/files/1/0173/7644/4470/files/SwissRoll_image_3_8c279722-e8a8-43e9-ad74-d87c7fa84895d855.jpg]
[cdn.shopify.com/s/files/1/0173/7644/4470/files/Butterscotch_image_1_d20f436b-06d7-4f0b-bbb6-564dfaa823216a38.jpg]
[cdn.shopify.com/s/files/1/0173/7644/4470/files/Butterscotch_image_2_95aea213-60a2-4e92-828a-e192a633318d6a38.jpg]
[cdn.shopify.com/s/files/1/0173/7644/4470/files/Butterscotch_image_3_a7e065c1-7d2c-4281-8bd5-d466b1a482ed6a38.jpg]
[itcstore.in/pages/sunfeast-caker.html]
[cdn.shopify.com/s/files/1/0173/7644/4470/files/1600_px_-_W_-x-400_px_-_h3de6.jpg]
[cdn.shopify.com/s/files/1/0173/7644/4470/files/500_px_-_w_-x-230_px_-_h_480x480e68e.jpg]
[cdn.shopify.com/s/files/1/0173/7644/4470/files/MM_CA_400x1600pixels-02_56b51263-23f5-4146-bbc0-e8778ba8572effe4.jpg]
[cdn.shopify.com/s/files/1/0173/7644/4470/files/MM_CA_230x500_pixelsdc2c.jpg]
[itcstore.in/collections/moms-magic.html]
[cdn.shopify.com/s/files/1/0173/7644/4470/files/MM_Butter_400x1600pixels-0184ca.jpg]
[cdn.shopify.com/s/files/1/0173/7644/4470/files/MM_Butter_230x500_pixels_1c6a8788-7408-482f-97dd-3a20f99b8db51f3a.jpg]
[cdn.shopify.com/s/files/1/0173/7644/4470/files/MM_FM_400x1600pixels-03e76b.jpg]
[cdn.shopify.com/s/files/1/0173/7644/4470/files/MM_FM_230x500_pixels671f.jpg]
[itcstore.in/pages/sunfeast-moms-magic.html]
[cdn.shopify.com/s/files/1/0173/7644/4470/files/Hero-Banner-1600x400_c2932d06-746a-4278-8d14-937f7176aa6828d5.jpg]
[cdn.shopify.com/s/files/1/0173/7644/4470/files/Hero-Banner-Mob-414X201_34dc1600-576e-4f98-b733-d46985dc36a4_480x480cb91.jpg]
[cdn.shopify.com/s/files/1/0173/7644/4470/files/About-Banner_8bf41d63-49cd-4e4a-9b2c-eefce3153c908dd7.jpg]
[cdn.shopify.com/s/files/1/0173/7644/4470/files/About-Banner-414X80_c6214de4-7063-4055-b339-41bf5c1178523dc5.jpg]
[cdn.shopify.com/s/files/1/0173/7644/4470/files/Ingredient-Main-750-x-750_Desktopd895.jpg]
[cdn.shopify.com/s/files/1/0173/7644/4470/files/USP-1-350x350d9be.jpg]
[cdn.shopify.com/s/files/1/0173/7644/4470/files/USP-2-350x350d9be.jpg]
[cdn.shopify.com/s/files/1/0173/7644/4470/files/USP-3-350x350d9be.jpg]
[cdn.shopify.com/s/files/1/0173/7644/4470/files/USP-4-350x350d9be.jpg]
[cdn.shopify.com/s/files/1/0173/7644/4470/files/A_1_487x487_402c07e5-7237-4024-95d8-94f967ff21876b21.jpg]
[cdn.shopify.com/s/files/1/0173/7644/4470/files/A_2-487x487_8dbaf1d6-7af3-4447-bcf2-6aa3047023326b21.jpg]
[cdn.shopify.com/s/files/1/0173/7644/4470/files/A_3-487x487_5b963484-1b61-4599-8858-bd2e71a401b36b21.jpg]
[itcstore.in/pages/sunfeast-all-rounder.html]
[itcstore.in/collections/noodles-and-pasta/india-products.html]
[itcstore.in/collections/noodles-and-pasta.atom]
[itcstore.in/collections/noodles-and-pasta4658.html]
[cdn.shopify.com/s/files/1/0173/7644/4470/files/2020_Sept_eStore_CurWeb_Sunfeast_yiPPee_Powerup_Atta_Noodles_Banner02e9ec.jpg]
[itcstore.in/collections/noodles-and-pasta.oembed]
[cdn.shopify.com/s/files/1/0173/7644/4470/files/2020_Sept_eStore_CurWeb_Sunfeast_yiPPee_Mood_Masala_Banner03837a.jpg]
[cdn.shopify.com/s/files/1/0173/7644/4470/files/2020_Sept_eStore_CurWeb_Sunfeast_yiPPee_pasata_range_Banner048102.jpg]
[cdn.shopify.com/s/files/1/0173/7644/4470/files/2020_Sept_eStore_CurWeb_Sunfeast_yiPPee_Pasta_Noodles_Banner05e9ec.jpg]
[cdn.shopify.com/s/files/1/0173/7644/4470/files/2020_Sept_eStore_CurWeb_Sunfeast_yiPPee_Powerup_Atta_Noodles_Banner02_Mobilefcf6.jpg]
[cdn.shopify.com/s/files/1/0173/7644/4470/files/2020_Sept_eStore_CurWeb_Sunfeast_yiPPee_Mood_Masala_Banner03_Mobilee53b.jpg]
[cdn.shopify.com/s/files/1/0173/7644/4470/files/2020_Sept_eStore_CurWeb_Sunfeast_yiPPee_pasata_range_Banner04_Mobilefcf6.jpg]
[cdn.shopify.com/s/files/1/0173/7644/4470/files/2020_Sept_eStore_CurWeb_Sunfeast_yiPPee_Pasta_Noodles_Banner05_Mobilef842.jpg]
[itcstore.in/collections/noodles-and-pasta9ba9.html]
[itcstore.in/collections/noodles-and-pasta.html]
[cdn.shopify.com/s/files/1/0173/7644/4470/files/Dekstop_Banner_Pasta---1600_40077f3.jpg]
[cdn.shopify.com/s/files/1/0173/7644/4470/files/Pasta-Mobile-Banner-_4_500_230_480x480bdab.jpg]
[itcstore.in/pages/sunfeast-yippee-pasta.html]
[itcstore.in/collections/noodles-and-pasta42a7.html]
[cdn.shopify.com/s/files/1/0173/7644/4470/files/Dekstop-Banner3-Magic--1600_4009a09.jpg]
[itcstore.in/collections/sunfeast-yippee-pasta.html]
[cdn.shopify.com/s/files/1/0173/7644/4470/files/Magic_Mobile_Banner_3_500_230_480x480b08a.jpg]
[cdn.shopify.com/s/files/1/0173/7644/4470/files/Desktop-Banner2-Powerup-1600_4003f14.jpg]
[cdn.shopify.com/s/files/1/0173/7644/4470/files/Power-up-Mobile-Banner-_4_500_230_480x480bae5.jpg]
[cdn.shopify.com/s/files/1/0173/7644/4470/files/Banner_2-Mood-1600_4009587.jpg]
[cdn.shopify.com/s/files/1/0173/7644/4470/files/Mood-Mobile-Banner-_2_500_230_480x4805b4b.jpg]
[itcstore.in/pages/sunfeast-yippee-noodles.html]
[itcstore.in/collections/staples.atom]
[itcstore.in/collections/sunfeast-yippee-noodles.html]
[itcstore.in/collections/staples/india-products.html]
[itcstore.in/collections/staples4658.html]
[itcstore.in/collections/staples.oembed]
[itcstore.in/collections/staples9ba9.html]
[itcstore.in/collections/staples.html]
[cdn.shopify.com/s/files/1/0173/7644/4470/files/ITC_Header_Banner_Desktopeff3.jpg]
[cdn.shopify.com/s/files/1/0173/7644/4470/files/ITC_Header_Banner_Mobile_480x48018b4.jpg]
[itcstore.in/collections/staplesce53.html]
[cdn.shopify.com/s/files/1/0173/7644/4470/files/Artboard_883de.png]
[cdn.shopify.com/s/files/1/0173/7644/4470/files/Artboard-17_c3c5adbc-39e3-4360-ab37-bf6ee40ebaa56574.png]
[itcstore.in/collections/aashirvaad-atta.html]
[cdn.shopify.com/s/files/1/0173/7644/4470/files/Atta19232.png]
[cdn.shopify.com/s/files/1/0173/7644/4470/files/Atta29232.png]
[snapppt.com/widgets/widget_loader/38775771-59b1-43f3-9e77-b7ecb1841748/carousel.js]
[itcstore.in/collections/aashirvaad.html]
[cdn.shopify.com/s/files/1/0173/7644/4470/products/40127506-1_ca9da8e4-a5b3-4f37-9135-771b51007e07_200x20044ed.jpg]
[cdn.shopify.com/s/files/1/0173/7644/4470/products/40127506-2_89ab2f46-f9d9-4e13-be8b-ce296fcb75ae_200x20044ed.jpg]
[itcstore.in/products/aashirvaad-shudh-chakki-atta-5kg-delhi-bam.html]
[itcstore.in/collections/vendorsc125.html]
[cdn.shopify.com/s/files/1/0173/7644/4470/products/40127505-1_b49a83c1-d231-4cc0-83d8-1243ac79133b_200x2009a26.jpg]
[cdn.shopify.com/s/files/1/0173/7644/4470/products/Only_Pack_acbd59c3-10a3-413c-b9e0-e1300afae3b3_200x2009a26.jpg]
[itcstore.in/products/aashirvaad-shudh-chakki-atta-select-atta-free-delhi-bam.html]
[cdn.shopify.com/s/files/1/0173/7644/4470/products/ASATTANMPPRM5KG_8901725121228_1_bf6203bf-1945-43ea-afca-fc1bc9a9d733_200x20075e7.jpg]
[cdn.shopify.com/s/files/1/0173/7644/4470/products/ASATTANMPPRM5KG_8901725121228_2_8585065d-af4b-4bdb-9a3f-a07b983a3f7d_200x20075e7.jpg]
[itcstore.in/products/aashirvaad-select-sharbati-atta-5kg-delhi-bam.html]
[cdn.shopify.com/s/files/1/0173/7644/4470/products/ASCWGHEE1000CKA_8901725102746_1_03a4f5b6-078c-4105-8391-ef3e00c2ddab_200x2004f89.jpg]
[cdn.shopify.com/s/files/1/0173/7644/4470/products/ASCWGHEE1000CKA_8901725102746_2_3c186e29-aec6-4857-ad16-42dccfc5b11c_200x2004f89.jpg]
[itcstore.in/products/aashirvaad-svasti-ghee-1l-ceka-delhi-bam.html]
[itcstore.in/collections/vendors0807.html]
[cdn.shopify.com/s/files/1/0173/7644/4470/products/SMP-10kg-900x900_75938a6e-7683-4a36-88b2-7dd74dd0b865_200x200d839.jpg]
[cdn.shopify.com/s/files/1/0173/7644/4470/products/ASATTAMP10KG_8901725121716_2_46f812df-8a8c-4c3c-b4d2-91594fc91014_200x2005c42.jpg]
[itcstore.in/products/aashirvaad-superior-mp-atta-10kg-bangalore-blr.html]
[cdn.shopify.com/s/files/1/0173/7644/4470/products/5kg_1000x1000_ff1ce570-23ef-4708-85c3-af6b040f8f0e_200x200892d.jpg]
[cdn.shopify.com/s/files/1/0173/7644/4470/products/MG-Atta-5kg_513e9ffa-ff17-4b4c-a69c-3586468c6a19_200x200892d.jpg]
[itcstore.in/products/aashirvaad-atta-with-multigrains-5kg-delhi-bam.html]
[cdn.shopify.com/s/files/1/0173/7644/4470/products/B01GCDVOTE.Main_b6a7add0-ea28-4780-a5af-c8e6a65a473b_200x2002d1b.jpg]
[cdn.shopify.com/s/files/1/0173/7644/4470/products/ASATTAMP5KG_8901725121723_2_ca75583b-44ba-4024-94f8-3e0e9c471b73_200x20062a0.jpg]
[itcstore.in/products/aashirvaad-superior-mp-atta-5kg-hyderabad-hyd.html]
[cdn.shopify.com/s/files/1/0173/7644/4470/products/ASCWGHEE500CKA_8901725103767_1_0856a77b-44d6-4994-82fd-14de1e57879b_200x2002627.jpg]
[cdn.shopify.com/s/files/1/0173/7644/4470/products/ASCWGHEE500CKA_8901725103767_2_495b2d18-82af-42d4-b396-b55339db6047_200x200ee38.jpg]
[cdn.shopify.com/s/files/1/0173/7644/4470/products/ASHSALT1KG_8901725123123_1_5cac351a-b90c-4ffc-b7c3-9d93bbdda008_200x2006bf1.jpg]
[cdn.shopify.com/s/files/1/0173/7644/4470/products/ASHSALT1KG_8901725123123_2_e3427337-449b-429a-a6fa-3d5f3c4ff206_200x2006bf1.jpg]
[itcstore.in/products/aashirvaad-svasti-ghee-500ml-ceka-delhi-bam.html]
[itcstore.in/products/aashirvaad-iodised-salt-1kg-bangalore-blr.html]
[itcstore.in/collections/vendors1682.html]
[cdn.shopify.com/s/files/1/0173/7644/4470/products/B01GCDVOTE.Main_92bb5c2f-372d-49e3-bc4d-a08c591106a0_200x2003743.jpg]
[cdn.shopify.com/s/files/1/0173/7644/4470/products/ASATTAMP5KG_8901725121723_2_9480171f-385c-49cd-832d-02665fe08270_200x2006e87.jpg]
[itcstore.in/products/aashirvaad-superior-mp-atta-5kg-bangalore-blr.html]
[cdn.shopify.com/s/files/1/0173/7644/4470/products/ASCWGHEE1000CKA_8901725102746_1_0448a59a-db5c-476a-a244-5a5a2171e69d_200x200c37e.jpg]
[cdn.shopify.com/s/files/1/0173/7644/4470/products/ASCWGHEE1000CKA_8901725102746_2_1a8adb8b-2a82-441f-9cf6-20de51c19666_200x200c37e.jpg]
[itcstore.in/products/aashirvaad-svasti-ghee-1l-ceka-bangalore-blr.html]
[cdn.shopify.com/s/files/1/0173/7644/4470/products/SMP-10kg-900x900_377b7912-7fc1-4930-bc91-ccdd9a6eaeeb_200x200f9f2.jpg]
[cdn.shopify.com/s/files/1/0173/7644/4470/products/ASATTAMP10KG_8901725121716_2_df66383d-bea0-4d8f-a716-ef82ce1ddf4f_200x2001101.jpg]
[itcstore.in/products/aashirvaad-superior-mp-atta-10kg-hyderabad-hyd.html]
[cdn.shopify.com/s/files/1/0173/7644/4470/products/40127506-1_3f0b9862-cc8d-481a-8b77-37b812d04e8c_200x2002316.jpg]
[cdn.shopify.com/s/files/1/0173/7644/4470/products/40127506-2_0d6beee7-3efb-4e01-a497-70ae07a545e7_200x2002316.jpg]
[itcstore.in/products/aashirvaad-shudh-chakki-atta-5kg-kolkata-kol.html]
[cdn.shopify.com/s/files/1/0173/7644/4470/products/crystalsalt1_1000px_b62487db-7a11-4158-9860-a00dde4ada58_200x200cfb7.jpg]
[cdn.shopify.com/s/files/1/0173/7644/4470/products/crystalsalt2_1000px_ad6a665f-7fd6-45b6-9594-0744851ddb8b_200x200cfb7.jpg]
[cdn.shopify.com/s/files/1/0173/7644/4470/products/40077102-1_3f28ecdc-670e-45a4-b0a4-4bf9994db185_200x200c99b.jpg]
[cdn.shopify.com/s/files/1/0173/7644/4470/products/ASVDSRCATTA1KG_8901725101053_2_b9babe08-17b6-489f-ac77-d0d724311069_200x2000024.jpg]
[itcstore.in/products/aashirvaad-sugar-release-control-atta-1kg-hyderabad-hyd.html]
[itcstore.in/products/aashirvaad-iodized-crystal-salt-1kg-bangalore-blr.html]
[cdn.shopify.com/s/files/1/0173/7644/4470/products/ASATTANMPPRM5KG_8901725121228_1_3f01a451-d6bc-4223-81f5-11a8b6a34d0d_200x200bc3a.jpg]
[cdn.shopify.com/s/files/1/0173/7644/4470/products/ASATTANMPPRM5KG_8901725121228_2_f06c4032-0291-4076-8e20-5680c12a38a2_200x200311e.jpg]
[itcstore.in/products/aashirvaad-select-sharbati-atta-5kg-mumbai-bom.html]
[cdn.shopify.com/s/files/1/0173/7644/4470/products/ASHSALT1KG_8901725123123_1_0e6d93e0-43f0-4ed2-9e9f-4c101410afb7_200x200fc3e.jpg]
[cdn.shopify.com/s/files/1/0173/7644/4470/products/ASHSALT1KG_8901725123123_2_858860dc-6f99-4c22-b331-9aa3b9e0160d_200x200fc3e.jpg]
[itcstore.in/products/aashirvaad-iodised-salt-1kg-delhi-bam.html]
[cdn.shopify.com/s/files/1/0173/7644/4470/products/ASATTANMPPRM5KG_8901725121228_1_200x2009b28.jpg]
[cdn.shopify.com/s/files/1/0173/7644/4470/products/ASATTANMPPRM5KG_8901725121228_2_9ebb50a7-5874-474a-bc8a-76434efe5dab_200x2009b28.jpg]
[cdn.shopify.com/s/files/1/0173/7644/4470/products/ASCWGHEE1000CKA_8901725102746_1_83488244-bdca-416c-be63-a8c7d9b12693_200x2002a9e.jpg]
[itcstore.in/products/aashirvaad-select-sharbati-atta-5kg-bangalore-blr.html]
[cdn.shopify.com/s/files/1/0173/7644/4470/products/ASCWGHEE1000CKA_8901725102746_2_df27c215-18a5-470d-b36d-545e3543de92_200x2002a9e.jpg]
[itcstore.in/products/aashirvaad-svasti-ghee-1l-ceka-kolkata-kol.html]
[cdn.shopify.com/s/files/1/0173/7644/4470/products/ASCWGHEE1000CKA_8901725102746_1_4518926e-6a42-4060-91bf-3dcfa9a017a8_200x200db59.jpg]
[cdn.shopify.com/s/files/1/0173/7644/4470/products/ASCWGHEE1000CKA_8901725102746_2_b99cd66f-af32-47f7-9c6f-16e5445fd01e_200x200db59.jpg]
[itcstore.in/products/aashirvaad-svasti-ghee-1l-ceka-mumbai-bom.html]
[cdn.shopify.com/s/files/1/0173/7644/4470/products/40127505-1_8f16cfab-fdc7-4578-8538-a7f4ce8f78ce_200x20006d2.jpg]
[cdn.shopify.com/s/files/1/0173/7644/4470/products/40127505-2_03c09f1b-3405-4879-b3d6-9ca1b1046a4a_200x20006d2.jpg]
[itcstore.in/products/aashirvaad-shudh-chakki-atta-10kg-kolkata-kol.html]
[cdn.shopify.com/s/files/1/0173/7644/4470/products/SMP-10kg-900x900_c86ae340-6105-459f-9834-2f17052bc006_200x2001112.jpg]
[itcstore.in/products/aashirvaad-superior-mp-atta-10kg-mumbai-bom.html]
[cdn.shopify.com/s/files/1/0173/7644/4470/products/ASATTAMP10KG_8901725121716_2_a26e4954-5d6d-4955-8bb7-760efe278fe8_200x2006ad0.jpg]
[cdn.shopify.com/s/files/1/0173/7644/4470/products/ASHSALT1KG_8901725123123_1_99cdca0f-c388-4e8e-a6e7-549702ddde56_200x2006320.jpg]
[cdn.shopify.com/s/files/1/0173/7644/4470/products/ASHSALT1KG_8901725123123_2_96e280ce-7b0d-4624-b6f8-ea244f0bfee4_200x2006320.jpg]
[itcstore.in/products/aashirvaad-iodised-salt-1kg-kolkata-kol.html]
[cdn.shopify.com/s/files/1/0173/7644/4470/products/SMP-1kg_37fb4e48-5909-4b9a-9ca4-2c1d9a1641c8_200x200b35e.jpg]
[cdn.shopify.com/s/files/1/0173/7644/4470/products/ASATTAMP1KG_8901725121747_2_1d84f1f5-7716-4e53-901b-59666ed85d30_200x200d4c7.jpg]
[itcstore.in/products/aashirvaad-superior-mp-atta-1kg-hyderabad-hyd.html]
[cdn.shopify.com/s/files/1/0173/7644/4470/products/SMP-1kg_1537261e-256b-4330-8067-0dd894e2d0dd_200x200d32b.jpg]
[cdn.shopify.com/s/files/1/0173/7644/4470/products/ASATTAMP1KG_8901725121747_2_96c3879b-7cd5-4394-a5b5-fb5b5824ec7e_200x200dd38.jpg]
[itcstore.in/products/aashirvaad-superior-mp-atta-1kg-bangalore-blr.html]
[cdn.shopify.com/s/files/1/0173/7644/4470/products/5kg_1000x1000_548e7e9a-320a-41b2-885b-c6ee203dd171_200x200cd7e.jpg]
[cdn.shopify.com/s/files/1/0173/7644/4470/products/MG-Atta-5kg_f8bda60f-8b48-4d5c-8296-7f6f5307d051_200x200cd7e.jpg]
[itcstore.in/products/aashirvaad-atta-with-multigrains-5kg-mumbai-bom.html]
[cdn.shopify.com/s/files/1/0173/7644/4470/products/5kg_1000x1000_5bce07a8-39a8-4926-9e35-9e639e53bc0d_200x200aa35.jpg]
[cdn.shopify.com/s/files/1/0173/7644/4470/products/MG-Atta-5kg_a2c34b26-69fc-43e6-8da8-a374e1bfbbfe_200x2002180.jpg]
[itcstore.in/products/aashirvaad-atta-with-multigrains-5kg-bangalore-blr.html]
[cdn.shopify.com/s/files/1/0173/7644/4470/products/1-HERO_7f95d901-b820-4b67-ac46-d0bcd57b9e37_200x200548b.jpg]
[cdn.shopify.com/s/files/1/0173/7644/4470/products/ASKSHMIRCH100GC_8901725105266_2_53ed279d-8284-4643-87e4-3c8538a8667b_200x200213f.jpg]
[itcstore.in/products/aashirvaad-kashmiri-mirch-delhi-bam.html]
[itcstore.in/collections/vendors235c.html]
[cdn.shopify.com/s/files/1/0173/7644/4470/products/1-HERO_8da4d5ff-0f55-441e-927b-e6791aab890a_200x200bf17.jpg]
[cdn.shopify.com/s/files/1/0173/7644/4470/products/ASKSHMIRCH100GC_8901725105266_2_e7516672-db74-4d3c-aa3c-58359be25521_200x200bf17.jpg]
[itcstore.in/products/aashirvaad-kashmiri-mirch-bangalore-blr.html]
[cdn.shopify.com/s/files/1/0173/7644/4470/products/ASHSALT1KG_8901725123123_1_046e64c8-98e9-486b-9625-d015aacd542c_200x2002a19.jpg]
[cdn.shopify.com/s/files/1/0173/7644/4470/products/ASHSALT1KG_8901725123123_2_b38e843c-7d69-4e99-ac6f-16edc50570eb_200x2002a19.jpg]
[itcstore.in/products/aashirvaad-iodised-salt-1kg-hyderabad-hyd.html]
[cdn.shopify.com/s/files/1/0173/7644/4470/products/8901725158538_RAVAIDLI500_1_009265fe-778e-4cc8-9391-4454216e67ac_200x200ee7e.jpg]
[cdn.shopify.com/s/files/1/0173/7644/4470/products/8901725158538_RAVAIDLI500_2_852c7433-a401-43aa-9fda-12a5f0544ada_200x200ee7e.jpg]
[itcstore.in/products/aashirvaad-rava-idli-instant-mix-500g-bangalore-blr.html]
[itcstore.in/collections/vendors761b.html]
[cdn.shopify.com/s/files/1/0173/7644/4470/products/B01GCDVOTE.Main_8f885f11-8121-4cca-960a-2fe450e317f8_200x200564b.jpg]
[cdn.shopify.com/s/files/1/0173/7644/4470/products/ASATTAMP5KG_8901725121723_2_14aed5d7-1bcd-4b1f-af14-dc5f1d0f7fdc_200x2001d6b.jpg]
[itcstore.in/products/aashirvaad-superior-mp-atta-5kg-mumbai-bom.html]
[cdn.shopify.com/s/files/1/0173/7644/4470/products/ASCWGHEE500CKA_8901725103767_1_e7c6f0d0-7a55-483e-9f3e-6acf28f0ec14_200x20018ec.jpg]
[cdn.shopify.com/s/files/1/0173/7644/4470/products/ASCWGHEE500CKA_8901725103767_2_28053267-8ded-4d85-8338-d8d417f9eec8_200x20018ec.jpg]
[itcstore.in/products/aashirvaad-svasti-ghee-500ml-ceka-bangalore-blr.html]
[cdn.shopify.com/s/files/1/0173/7644/4470/products/ASCWGHEE500PET_8901725100346_1_c080276c-ad33-4a08-b81f-d5a4b71ba433_200x200f4f0.jpg]
[cdn.shopify.com/s/files/1/0173/7644/4470/products/ASCWGHEE500PET_8901725100346_2_2f9f822b-1902-4942-929c-485ab729d0f5_200x200d1e8.jpg]
[itcstore.in/products/aashirvaad-svasti-ghee-500ml-pet-bangalore-blr.html]
[cdn.shopify.com/s/files/1/0173/7644/4470/products/ASTURMPOWDER100_8901725125349_1_200x200f446.jpg]
[cdn.shopify.com/s/files/1/0173/7644/4470/products/TURMERIC-Powder-24-2-20-3Dpack-Puer-_-Natural-flat---Copy_7cc77b5c-5bba-406b-bf6c-9d6eb0769590_200x200f446.jpg]
[itcstore.in/collections/vendors2b92.html]
[itcstore.in/products/aashirvaad-turmeric-powder-100g-bangalore-blr.html]
[cdn.shopify.com/s/files/1/0173/7644/4470/products/1-HERO_7d53371f-2556-49cf-b212-b7e3559818d1_200x2002fba.jpg]
[cdn.shopify.com/s/files/1/0173/7644/4470/products/ASSAMBARMASALA100_8901725112912_2_f8605aef-f0d7-463e-912f-be2d92cc1707_200x200c510.jpg]
[cdn.shopify.com/s/files/1/0173/7644/4470/products/ASCWGHEE1000CKA_8901725102746_1_dd256830-2223-47e7-9208-e1b5f51ffaf6_200x200f7bf.jpg]
[cdn.shopify.com/s/files/1/0173/7644/4470/products/ASCWGHEE1000CKA_8901725102746_2_489c29dc-8417-411e-8cbc-747bb6553e54_200x200f7bf.jpg]
[itcstore.in/products/aashirvaad-svasti-ghee-1l-ceka-hyderabad-hyd.html]
[itcstore.in/products/aashirvaad-sambar-masala-bangalore-blr.html]
[cdn.shopify.com/s/files/1/0173/7644/4470/products/ASATTANMPPRM5KG_8901725121228_1_170ae0f5-8833-4d5b-99b9-558976daf9a9_200x2000b74.jpg]
[cdn.shopify.com/s/files/1/0173/7644/4470/products/ASATTANMPPRM5KG_8901725121228_2_27d36e88-b050-40a3-bb2a-7533d7594102_200x2000b74.jpg]
[cdn.shopify.com/s/files/1/0173/7644/4470/products/1-Hero_2c9ecd4f-f034-47e9-bfe5-5e098b81f346_200x2008aae.jpg]
[cdn.shopify.com/s/files/1/0173/7644/4470/products/ASSHAHIGARAM100G_8901725112905_2_30ad7f8e-a7df-4590-af46-0001a7eb634f_200x200a0dc.jpg]
[itcstore.in/products/aashirvaad-select-sharbati-atta-5kg-kolkata-kol.html]
[itcstore.in/products/aashirvaad-shahi-garam-masala-bangalore-blr.html]
[cdn.shopify.com/s/files/1/0173/7644/4470/products/GULABJAMUN200_8901725112004_1_ca231d02-30b6-460b-b3e8-13c0d8d458b1_200x20002c2.jpg]
[cdn.shopify.com/s/files/1/0173/7644/4470/products/GULABJamunBuy1Get1FreeOfferPack3DPACK-11401684-MRGD_b311cf66-9d70-405a-bea9-541e01f10d4b_200x20002c2.jpg]
[cdn.shopify.com/s/files/1/0173/7644/4470/products/Aashirvaad_Organic_Tur_Dal_1Kg_BB_HERO_00fb541a-ccfe-4476-9230-10531799a67a_200x2004c6c.jpg]
[cdn.shopify.com/s/files/1/0173/7644/4470/products/ASNSFORGTURDAL1KG_8901725111229_2_238be11d-cb7d-4d85-83b0-645bb142b8fa_200x200b9b1.jpg]
[itcstore.in/products/aashirvaad-gulab-jamun-instant-mix-175-175g-free-bangalore-blr.html]
[itcstore.in/products/aashirvaad-natures-super-foods-organic-arhar-tur-dal-1-kg-bangalore-blr.html]
[itcstore.in/collections/vendors7b5d.html]
[cdn.shopify.com/s/files/1/0173/7644/4470/products/ITCAashirvaadInstantVeggieUpma-900x900Ecommerce07092020-01_4cde5dcf-2ba9-474e-b6c3-85672276d7a4_200x20007ce.jpg]
[cdn.shopify.com/s/files/1/0173/7644/4470/products/ASVDIMUPMA80GCP_8901725114022_1_5b54642b-2d81-40a4-a2d3-5157f330b601_200x2001966.jpg]
[itcstore.in/products/aashirvaad-instant-meals-veggie-upma-cup-80g-delhi-bam.html]
[itcstore.in/collections/vendors05c5.html]
[cdn.shopify.com/s/files/1/0173/7644/4470/products/ASTURMPOWDER200_8901725125363_1_bfbed5b0-66b6-4b28-ae97-4ae3e992d940_200x2009e25.jpg]
[cdn.shopify.com/s/files/1/0173/7644/4470/products/TURMERIC-Powder-24-2-20-3Dpack-Puer-_-Natural-flat---Copy_d13ccb95-481d-47b5-876d-4cebdf7958b2_200x2009e25.jpg]
[cdn.shopify.com/s/files/1/0173/7644/4470/products/5kg_1000x1000_1e14166b-64bd-4101-9f65-383aa559881d_200x20066bc.jpg]
[cdn.shopify.com/s/files/1/0173/7644/4470/products/MG-Atta-5kg_c6119396-6e7c-42e3-b4f5-404801448e33_200x2004c26.jpg]
[itcstore.in/products/aashirvaad-turmeric-powder-200g-bangalore-blr.html]
[itcstore.in/products/aashirvaad-atta-with-multigrains-5kg-hyderabad-hyd.html]
[cdn.shopify.com/s/files/1/0173/7644/4470/products/ASTURMPOWDER200_8901725125363_1_200x200a7dc.jpg]
[cdn.shopify.com/s/files/1/0173/7644/4470/products/TURMERIC-Powder-24-2-20-3Dpack-Puer-_-Natural-flat---Copy_01fc2862-73be-49ab-af7d-36224f6887e2_200x200a7dc.jpg]
[cdn.shopify.com/s/files/1/0173/7644/4470/products/ASCHILLIPOWDER100_8901725125141_1_200x200583b.jpg]
[cdn.shopify.com/s/files/1/0173/7644/4470/products/CHILLI-Powder-South-flat3Dpack-Pure-_-natural_200x200583b.jpg]
[itcstore.in/products/aashirvaad-chilli-powder-100g-bangalore-blr.html]
[itcstore.in/products/aashirvaad-turmeric-powder-200g-delhi-bam.html]
[cdn.shopify.com/s/files/1/0173/7644/4470/products/1-Hero_3e017574-7654-4aa2-b814-7389dc964288_200x2000a4d.jpg]
[cdn.shopify.com/s/files/1/0173/7644/4470/products/ASCHOLEMSLA100G_8901725112882_2_c9210f05-9d35-4538-8028-1b7fe8b7b33b_200x2005b28.jpg]
[cdn.shopify.com/s/files/1/0173/7644/4470/products/ASNSFORGWWAT1KG_8901725111076_1_3ba798a4-a848-45b8-9206-1bd398b2d62c_200x20060f0.jpg]
[cdn.shopify.com/s/files/1/0173/7644/4470/products/ASNSFORGWWAT1KG_8901725111076_2_21e85090-d984-49ec-8886-24a2f3ab65a7_200x2007907.jpg]
[itcstore.in/products/aashirvaad-punjabi-chole-masala-delhi-bam.html]
[itcstore.in/products/aashirvaad-organic-whole-wheat-atta-1-kg-delhi-bam.html]
[cdn.shopify.com/s/files/1/0173/7644/4470/products/B01GCDVOTE.Main_f10b03a5-6038-4b10-b229-da961b679f27_200x200a211.jpg]
[cdn.shopify.com/s/files/1/0173/7644/4470/products/ASATTAMP5KG_8901725121723_2_0f772a94-a7d1-4ba5-b683-7ffd6bca6896_200x200651c.jpg]
[cdn.shopify.com/s/files/1/0173/7644/4470/products/1_1_f8eadf1f-7056-4990-b366-62248983c8a8_200x200d6f7.jpg]
[cdn.shopify.com/s/files/1/0173/7644/4470/products/ASNSFRAGIFLR1KG_8901725106980_2_c4f15e49-3c3e-4f54-b07e-54995a9d4cc2_200x200351a.jpg]
[itcstore.in/products/aashirvaad-ragi-flour-1kg-bangalore-blr.html]
[itcstore.in/pages/aashirvaad-atta.html]
[cdn.shopify.com/s/files/1/0173/7644/4470/files/Web_Page_banner-1f8c7.png]
[itcstore.in/products/aashirvaad-superior-mp-atta-5kg-chennai-maa.html]
[cdn.shopify.com/s/files/1/0173/7644/4470/files/Web_Page_banner-1_c0e2a15f-543d-43c7-a13d-88f97f27f162_480x4804b55.png]
[cdn.shopify.com/s/files/1/0173/7644/4470/files/Product_Description-3_c1898285-caad-4d68-8a8a-f7bcd887bb04084b.png]
[itcstore.in/collections/aashirvaad-spices.html]
[cdn.shopify.com/s/files/1/0173/7644/4470/files/Product_Description-3_ab60092b-b0b8-4d9c-a132-f7bb9cc7ee42065e.png]
[cdn.shopify.com/s/files/1/0173/7644/4470/files/last_page-4917e.png]
[cdn.shopify.com/s/files/1/0173/7644/4470/files/Last_Page-4_0a6e93b9-8596-442a-a1e7-e452ca120ea69079.png]
[itcstore.in/pages/aashirvaad-spices.html]
[cdn.shopify.com/s/files/1/0173/7644/4470/files/A_8b321b50-8d90-4990-bc8a-0e1e9fdab64f0d0a.jpg]
[cdn.shopify.com/s/files/1/0173/7644/4470/files/Section1_MobileVersion_480x4804d55.jpg]
[cdn.shopify.com/s/files/1/0173/7644/4470/files/Section1_DesktopVersion268d.jpg]
[cdn.shopify.com/s/files/1/0173/7644/4470/files/aashirvaad_masala_new_e5c714c3-2f41-41a5-a806-529a81a5d8c6_480x480c23d.jpg]
[cdn.shopify.com/s/files/1/0173/7644/4470/files/Left_Element9c19.jpg]
[cdn.shopify.com/s/files/1/0173/7644/4470/files/Right_Element9c19.jpg]
[cdn.shopify.com/s/files/1/0173/7644/4470/files/B_674f32a8-aa02-4342-84ce-ef095e1886d943d5.jpg]
[cdn.shopify.com/s/files/1/0173/7644/4470/files/Section4A_MobileVersionf60a.jpg]
[cdn.shopify.com/s/files/1/0173/7644/4470/files/C_c16a07da-a18d-4e67-83cf-d0be145e44f27a60.jpg]
[cdn.shopify.com/s/files/1/0173/7644/4470/files/Section4B_MobileVersion2dc8.jpg]
[cdn.shopify.com/s/files/1/0173/7644/4470/files/D_ce8e81bd-2e14-408f-a208-1671b487b5e75a46.jpg]
[cdn.shopify.com/s/files/1/0173/7644/4470/files/Section4C_MobileVersionb2ed.jpg]
[cdn.shopify.com/s/files/1/0173/7644/4470/files/F5796.jpg]
[cdn.shopify.com/s/files/1/0173/7644/4470/files/Section5_MobileVersion1661.jpg]
[itcstore.in/pages/aashirvaad-masalas.html]
[cdn.shopify.com/s/files/1/0173/7644/4470/files/Desktop_1356_x_335_aa7bce1d-ea90-4d7d-ba7c-c3be092a591bcc6c.png]
[cdn.shopify.com/s/files/1/0173/7644/4470/files/Salt_700pxX340px_480x480d9ad.jpg]
[itcstore.in/collections/aashirvaad-salt.html]
[cdn.shopify.com/s/files/1/0173/7644/4470/files/Artboard_9968d.png]
[itcstore.in/pages/aashirvaad-iodised-salt.html]
[cdn.shopify.com/s/files/1/0173/7644/4470/files/Desktop_2ae06.jpg]
[cdn.shopify.com/s/files/1/0173/7644/4470/files/Mobile_2_a339ad6d-e173-487d-a8d6-bc0f850a376c_480x480dbe0.jpg]
[cdn.shopify.com/s/files/1/0173/7644/4470/files/Desktop_3355f.jpg]
[cdn.shopify.com/s/files/1/0173/7644/4470/files/Mobile_3921d.jpg]
[itcstore.in/collections/aashirvaad-organic-range.html]
[cdn.shopify.com/s/files/1/0173/7644/4470/files/Desktop_1_6d79d576-b21b-4806-a6d1-f4f0d0b4c68da959.jpg]
[cdn.shopify.com/s/files/1/0173/7644/4470/files/Mobile_1_3565156d-c074-4cac-8e66-355e32758f46bf7a.jpg]
[itcstore.in/pages/aashirvaad-organic-atta-and-dals.html]
[cdn.shopify.com/s/files/1/0173/7644/4470/files/Banner1_desktop4950.jpg]
[cdn.shopify.com/s/files/1/0173/7644/4470/files/Banner1_mobileb9bb.jpg]
[cdn.shopify.com/s/files/1/0173/7644/4470/files/Banner2_desktop7901.jpg]
[itcstore.in/collections/itc-master-chef.html]
[cdn.shopify.com/s/files/1/0173/7644/4470/files/Banner2_mobile47f3.jpg]
[cdn.shopify.com/s/files/1/0173/7644/4470/files/Banner3_desktopa64a.jpg]
[cdn.shopify.com/s/files/1/0173/7644/4470/files/Banner3_mobilec8ec.jpg]
[itcstore.in/pages/itc-master-chef-cooking-paste.html]
[cdn.shopify.com/s/files/1/0173/7644/4470/files/Website-Banner4948.png]
[cdn.shopify.com/s/files/1/0173/7644/4470/files/Mobile-Banner-Green30bd.png]
[cdn.shopify.com/s/files/1/0173/7644/4470/files/Smart-Onion8af0.jpg]
[itcstore.in/collections/cooking-ingredients.html]
[cdn.shopify.com/s/files/1/0173/7644/4470/files/Tomatto8af0.jpg]
[cdn.shopify.com/s/files/1/0173/7644/4470/files/Desktop-Smart-Onion62e6.jpg]
[cdn.shopify.com/s/files/1/0173/7644/4470/files/Mobile-Smart-Onions_480x4806ce4.jpg]
[cdn.shopify.com/s/files/1/0173/7644/4470/files/Desktop-Tomato-Puree-Bannerb21d.jpg]
[cdn.shopify.com/s/files/1/0173/7644/4470/files/Mobile-Tomato-Puree-Banner_480x4807ce7.jpg]
[itcstore.in/pages/cooking-ingredients.html]
[cdn.shopify.com/s/files/1/0173/7644/4470/files/Banner1_9bfc96ca-8903-4eca-a038-69cd05ff068fb68f.jpg]
[cdn.shopify.com/s/files/1/0173/7644/4470/files/Mobile_banner1_53d3f726-5787-4f00-94d8-6188e1d2ddc163b8.jpg]
[cdn.shopify.com/s/files/1/0173/7644/4470/files/Banner3_14cee.jpg]
[cdn.shopify.com/s/files/1/0173/7644/4470/files/Mobile_banner2_299cc.jpg]
[cdn.shopify.com/s/files/1/0173/7644/4470/files/Banner49b82.jpg]
[cdn.shopify.com/s/files/1/0173/7644/4470/files/Mobile_banner3_4bc06822-0871-4dc6-ba7a-22419b1d29c5c866.jpg]
[itcstore.in/pages/itc-master-chef-all-purpose-gravies.html]
[cdn.shopify.com/s/files/1/0173/7644/4470/files/SuriseBrandPage-bannere942.jpg]
[cdn.shopify.com/s/files/1/0173/7644/4470/files/SuriseBrandPage-banner_1e942.jpg]
[cdn.shopify.com/s/files/1/0173/7644/4470/files/Abou-Sunrise-Desktope687.jpg]
[itcstore.in/collections/sunrise-pure.html]
[cdn.shopify.com/s/files/1/0173/7644/4470/files/Abou-Sunrise-Mobileda42.jpg]
[cdn.shopify.com/s/files/1/0173/7644/4470/files/Product-Categoryb2b9.jpg]
[cdn.shopify.com/s/files/1/0173/7644/4470/files/Product-Category_1a408.jpg]
[cdn.shopify.com/s/files/1/0173/7644/4470/files/recipe-new_1_9cbde4fa-6904-4663-8afd-4e144eb0504a7462.jpg]
[cdn.shopify.com/s/files/1/0173/7644/4470/files/recipe-new_mobile24df.jpg]
[itcstore.in/pages/sunrise-pure.html]
[itcstore.in/collections/snacks.atom]
[itcstore.in/collections/snacks/india-products.html]
[itcstore.in/collections/snacks4658.html]
[cdn.shopify.com/s/files/1/0173/7644/4470/files/1600x400_White59e3.jpg]
[itcstore.in/collections/snacks.oembed]
[cdn.shopify.com/s/files/1/0173/7644/4470/files/2020_Sept_eStore_CurWeb_Bingo_mad_angles_Banner01f05a.jpg]
[cdn.shopify.com/s/files/1/0173/7644/4470/files/2020_Sept_eStore_CurWeb_Bingo_potato_chips_Banner01c5a2.jpg]
[cdn.shopify.com/s/files/1/0173/7644/4470/files/2020_Sept_eStore_CurWeb_Bingo_tedha_medhe_Banner01ac7f.jpg]
[cdn.shopify.com/s/files/1/0173/7644/4470/files/500x230_white59e3.jpg]
[cdn.shopify.com/s/files/1/0173/7644/4470/files/2020_Sept_eStore_CurWeb_Bingo_mad_angles_Banner01_mobilecbd8.jpg]
[cdn.shopify.com/s/files/1/0173/7644/4470/files/2020_Sept_eStore_CurWeb_Bingo_potato_chips_Banner01_mobile3b9c.jpg]
[cdn.shopify.com/s/files/1/0173/7644/4470/files/2020_Sept_eStore_CurWeb_Bingo_original_style_Banner01_mobile8522.jpg]
[itcstore.in/collections/snacks9ba9.html]
[itcstore.in/collections/snacks.html]
[cdn.shopify.com/s/files/1/0173/7644/4470/files/BrandPage-Home-Bingo-desktop_3be46931-ec38-414f-a0e0-78b04c5120ba3834.jpg]
[cdn.shopify.com/s/files/1/0173/7644/4470/files/BrandPage-Home-Bingo-mobile_f7af4980-8575-49f2-8cc4-e20a602acc75_480x4805782.jpg]
[itcstore.in/collections/snacks7537.html]
[cdn.shopify.com/s/files/1/0173/7644/4470/files/A_-1300-x-600_5a4dea17-df96-4b22-bfdb-cf1fcc2fca57d389.png]
[cdn.shopify.com/s/files/1/0173/7644/4470/files/Mad_Angles_Mobile_700x450_480x480336a.png]
[itcstore.in/collections/mad-angles.html]
[itcstore.in/collections/bingo.html]
[cdn.shopify.com/s/files/1/0173/7644/4470/products/HeroFOP_BingoPartyMix_051120_200x200bb79.jpg]
[itcstore.in/products/bingo-party-mix-rs-200-india-products.html]
[cdn.shopify.com/s/files/1/0173/7644/4470/products/1-FOP_BingoPartyMix_200x200bb79.jpg]
[itcstore.in/collections/vendors6821.html]
[cdn.shopify.com/s/files/1/0173/7644/4470/products/NO-RULZ-CURLZ-CH20_8901725110161_1_200x200b102.jpg]
[cdn.shopify.com/s/files/1/0173/7644/4470/products/NO-RULZ-CURLZ-CH20_8901725110161_2_200x20074a8.jpg]
[itcstore.in/products/bingo-no-rulz-cheese-curlz-53g-cheese-flavoured-super-light-super-tasty-baked-puffs-india-products.html]
[cdn.shopify.com/s/files/1/0173/7644/4470/products/NO-RULZ-CURLZ-MS50_8901725110154_1_bfc504f2-29cd-4688-9521-38066e32e176_200x2008f7f.jpg]
[itcstore.in/collections/vendorsb14c.html]
[cdn.shopify.com/s/files/1/0173/7644/4470/products/NO-RULZ-CURLZ-MS50_8901725110154_2_3d39085e-433f-4641-a69f-cead124e5179_200x2008f7f.jpg]
[itcstore.in/products/bingo-no-rulz-masala-curlz-80g-masala-flavoured-super-light-super-tasty-baked-puffs-india-products.html]
[cdn.shopify.com/s/files/1/0173/7644/4470/products/PULSEMIXRS50_8901725110147_1_200x20068e6.jpg]
[cdn.shopify.com/s/files/1/0173/7644/4470/products/PULSEMIXRS50_8901725110147_2_200x20068e6.jpg]
[itcstore.in/products/bingo-tedhe-medhe-pulse-mix-180g-india-products.html]
[cdn.shopify.com/s/files/1/0173/7644/4470/products/COCKTAILMIXRS50_8901725110116_1_200x200e5c9.jpg]
[cdn.shopify.com/s/files/1/0173/7644/4470/products/COCKTAILMIXRS50_8901725110116_2_200x200e5c9.jpg]
[itcstore.in/collections/vendors77bb.html]
[itcstore.in/products/namkeens-rs-50-cocktail-mix-india-products.html]
[cdn.shopify.com/s/files/1/0173/7644/4470/products/NUTCRACKERRS45_8901725110086_1_fa9724bb-3d3c-4e90-95f3-f54cd11b0e41_200x20076b5.jpg]
[cdn.shopify.com/s/files/1/0173/7644/4470/products/NUTCRACKERRS45_8901725110086_2_200x20076b5.jpg]
[cdn.shopify.com/s/files/1/0173/7644/4470/products/ALOOBHUJIARS45_8901725110055_1_200x2000f2a.jpg]
[itcstore.in/products/bingo-tedhe-medhe-namkeens-nut-cracker-180g-india-products.html]
[cdn.shopify.com/s/files/1/0173/7644/4470/products/ALOOBHUJIARS45_8901725110055_2_200x2000f2a.jpg]
[cdn.shopify.com/s/files/1/0173/7644/4470/products/MAACHMASTIRS50_8901725111472_1_200x2009302.jpg]
[itcstore.in/products/bingo-tedhe-medhe-namkeens-aloo-bhujia-180-g-india-products.html]
[cdn.shopify.com/s/files/1/0173/7644/4470/products/130g-Gallery-1_200x2009302.jpg]
[cdn.shopify.com/s/files/1/0173/7644/4470/products/HeroFOP_MACheeseNachos_Rs20_60g_200x2009b10.jpg]
[itcstore.in/products/bingo-mad-angles-achaari-masti-130g-india-products.html]
[cdn.shopify.com/s/files/1/0173/7644/4470/products/Fop_MACheeseNachos_Rs20_60g_200x2009b10.jpg]
[itcstore.in/products/bingo-mad-angles-cheese-nachos-60g-india-products.html]
[cdn.shopify.com/s/files/1/0173/7644/4470/products/HeroFOP_MACheeseNachos_Rs10_30g_200x200a3bf.jpg]
[cdn.shopify.com/s/files/1/0173/7644/4470/products/FOP_MACheeseNachos_Rs10_30g_200x200a3bf.jpg]
[cdn.shopify.com/s/files/1/0173/7644/4470/products/MAPIZZARS20_8901725109875_1_200x2004be4.jpg]
[itcstore.in/products/bingo-mad-angles-cheese-nachos-30g-india-products.html]
[cdn.shopify.com/s/files/1/0173/7644/4470/products/72.5g-Gallery-1_200x2004be4.jpg]
[cdn.shopify.com/s/files/1/0173/7644/4470/products/36.5g-Gallery-1_200x200277a.jpg]
[itcstore.in/products/mad-angles-pizza-rs-20-india-products.html]
[cdn.shopify.com/s/files/1/0173/7644/4470/products/36.5g-Gallery-2_200x200277a.jpg]
[cdn.shopify.com/s/files/1/0173/7644/4470/products/MAPIZZARS50_8901725109882_1_200x2003ef0.jpg]
[itcstore.in/products/bingo-mad-angles-pizza-36-5g-india-products.html]
[cdn.shopify.com/s/files/1/0173/7644/4470/products/130g-Gallery-1_5e344a3e-c606-42fc-9b84-4271f1070519_200x2003ef0.jpg]
[cdn.shopify.com/s/files/1/0173/7644/4470/products/HeroFOP_MACheeseNachos_Rs50_120g_8a7b97d5-6fba-4396-81bd-2de4ef83b011_200x2009699.jpg]
[itcstore.in/products/mad-angles-rs-50-pizza-india-products.html]
[cdn.shopify.com/s/files/1/0173/7644/4470/products/FOP_MACheeseNachos_Rs50_120g_519646b6-c8b5-4ce6-8bcf-8ce0bd058d43_200x2009699.jpg]
[itcstore.in/products/mad-angles-rs-50-cheese-nachos-india-products.html]
[cdn.shopify.com/s/files/1/0173/7644/4470/products/MAPERIPERIRS50_8901725111489_1_200x200841d.jpg]
[cdn.shopify.com/s/files/1/0173/7644/4470/products/130g-Gallery-1_590baf68-7d44-4c54-ba88-30b480fb4ed3_200x200841d.jpg]
[cdn.shopify.com/s/files/1/0173/7644/4470/products/TMMASALATADKA55_8901725196226_1_200x200226e.jpg]
[itcstore.in/products/bingo-mad-angles-very-peri-peri-130g-india-products.html]
[cdn.shopify.com/s/files/1/0173/7644/4470/products/Rs10_gallery01_9795317b-bb60-435c-a486-8fd718bb396e_200x200226e.png]
[itcstore.in/products/bingo-tedhe-medhe-masala-tadka-50g-india-products.html]
[cdn.shopify.com/s/files/1/0173/7644/4470/products/TMTOMATORS10_8901725103743_1_1af7bb40-a768-4f3c-a3e3-28026ab41307_200x2006586.jpg]
[itcstore.in/products/tedhe-medhe-rs-10-tomato-india-products.html]
[cdn.shopify.com/s/files/1/0173/7644/4470/products/Rs10_gallery01_453789b3-e72a-4a95-bb80-298b700bd178_200x2006586.png]
[itcstore.in/products/bingo-tedhe-medhe-masala-tadka-90g-india-products.html]
[cdn.shopify.com/s/files/1/0173/7644/4470/products/TMMASALATADKA30_8901725111526_1_200x20060ed.jpg]
[cdn.shopify.com/s/files/1/0173/7644/4470/products/Rs20_gallery1_06fe6d43-060e-4664-a86d-b683db5a6ab9_200x20060ed.png]
[cdn.shopify.com/s/files/1/0173/7644/4470/products/TMHERBYSPINRS20_8901725109691_1_078942b4-b5d2-4758-9bcc-d18a90ee6859_200x200ff2a.jpg]
[cdn.shopify.com/s/files/1/0173/7644/4470/products/Rs20_gallery1_436cb94d-7a8a-48c1-b7a0-c80b47752509_200x200ff2a.png]
[itcstore.in/products/tedhe-medhe-rs-20-herby-spin-india-products.html]
[cdn.shopify.com/s/files/1/0173/7644/4470/products/TMHERBYSPINRS10_8901725109684_1_a15db076-6341-4afe-9fba-de7a85d50cf4_200x20038d2.jpg]
[cdn.shopify.com/s/files/1/0173/7644/4470/products/Rs10_gallery01_200x20038d2.png]
[itcstore.in/products/tedhe-medhe-rs-10-herby-spin-india-products.html]
[cdn.shopify.com/s/files/1/0173/7644/4470/products/TMCPATASWINGRS20_8901725109738_1_c4343483-fcb5-4a4f-a1e4-4b45f30ecf26_200x200fecd.jpg]
[itcstore.in/products/tedhe-medhe-rs-20-chatpata-swing-india-products.html]
[cdn.shopify.com/s/files/1/0173/7644/4470/products/Rs20_gallery1_fab1638b-9299-4e2d-8ad4-ea397252eb73_200x200fecd.png]
[cdn.shopify.com/s/files/1/0173/7644/4470/products/TMCPATASWINGRS10_8901725109721_1_200x200a7fe.jpg]
[itcstore.in/products/tedhe-medhe-rs-10-chatpata-swing-india-products.html]
[cdn.shopify.com/s/files/1/0173/7644/4470/products/Rs10_gallery01_35c1c1c5-9479-468c-a6a7-22ff7f6efcc8_200x200a7fe.jpg]
[cdn.shopify.com/s/files/1/0173/7644/4470/products/TMACHARIMASTI10_8901725196240_1_200x2001674.jpg]
[cdn.shopify.com/s/files/1/0173/7644/4470/products/Rs10_gallery01_200x2001674.jpg]
[itcstore.in/products/tedhe-medhe-rs-10-achaari-india-products.html]
[cdn.shopify.com/s/files/1/0173/7644/4470/products/HeroFOP_FCSSRs50_100g_4d1f69c7-8802-4b9f-a70a-ad1a510ca483_200x200f0cb.jpg]
[cdn.shopify.com/s/files/1/0173/7644/4470/products/YMTFLCUTSALRS50_8901725111465_2_4026cb98-0623-468b-b89b-16c6ce6f0d99_200x20074e9.jpg]
[itcstore.in/collections/vendors2217.html]
[itcstore.in/products/bingo-original-style-salt-sprinkled-potato-chips-100g-india-products.html]
[cdn.shopify.com/s/files/1/0173/7644/4470/products/HeroFOP_FCCSRs50_100g_5c89810b-f410-446e-bbbf-e47425787573_200x200723d.jpg]
[cdn.shopify.com/s/files/1/0173/7644/4470/products/YMTFLCUTCHLRS50_8901725111458_2_4c4a2378-0cc6-46d2-b345-72fa863bc47e_200x200ec32.jpg]
[itcstore.in/products/bingo-original-style-chilli-sprinkled-potato-chips-100g-india-products.html]
[cdn.shopify.com/s/files/1/0173/7644/4470/products/MAPERIPERIRS20_8901725105303_1_3a47c1d2-1d17-4440-a0b5-40ef270e6c4f_200x200a552.jpg]
[cdn.shopify.com/s/files/1/0173/7644/4470/products/72.5g-Gallery-1_62157d59-8801-4909-9369-ba254e535540_200x200a552.jpg]
[cdn.shopify.com/s/files/1/0173/7644/4470/products/YMTFLCUTCHLRS20_8901725111632_1_f7253ac2-324f-4f57-a6e5-d3d35ce1038c_200x2007f8c.jpg]
[cdn.shopify.com/s/files/1/0173/7644/4470/products/YMTFLCUTCHLRS20_8901725111632_2_9fd876f9-4021-4ff9-80e7-8ab95b97d546_200x2003c32.jpg]
[itcstore.in/products/bingo-mad-angles-very-peri-peri-72-5g-india-products.html]
[itcstore.in/products/bingo-original-style-chilli-sprinkled-potato-chips-52g-india-products.html]
[cdn.shopify.com/s/files/1/0173/7644/4470/products/YMTFLCUTSALRS20_8901725111649_1_1858e8f5-3d1d-49c4-bd0e-032ae1188255_200x200ab3b.jpg]
[cdn.shopify.com/s/files/1/0173/7644/4470/products/YMTFLCUTSALRS20_8901725111649_2_4a4adf7f-1312-4dfc-a2e9-86808b9dc090_200x200fa3d.jpg]
[itcstore.in/products/bingo-original-style-salt-sprinkled-potato-chips-52g-india-products.html]
[cdn.shopify.com/s/files/1/0173/7644/4470/products/MATOMMADNESSRS20_8901725198237_1_736cc1fe-1d4e-4340-ab2e-d5832f4c9438_200x2001f6e.jpg]
[cdn.shopify.com/s/files/1/0173/7644/4470/products/72.5g-Gallery-1_adb9bc8b-8d7a-4c0d-bc9a-4da721a88b4f_200x2001f6e.jpg]
[itcstore.in/products/bingo-mad-angles-tomato-madness-72-5g-india-products.html]
[cdn.shopify.com/s/files/1/0173/7644/4470/products/MAACHMASTIRS20_8901725198336_1_f6c80eab-b6e2-4a0d-84ae-a233c84d551e_200x200d087.jpg]
[cdn.shopify.com/s/files/1/0173/7644/4470/products/72.5g-Gallery-1_ab7910e3-d759-47ee-a232-c4ff17c68068_200x200d087.jpg]
[itcstore.in/products/bingo-mad-angles-achaari-masti-72-5g-india-products.html]
[cdn.shopify.com/s/files/1/0173/7644/4470/products/YUMRS20C_O_8901725194536_1_0793efef-bcac-4dff-9408-b64f7c9c5f2c_200x200c436.jpg]
[cdn.shopify.com/s/files/1/0173/7644/4470/products/YUMRS20C_O_8901725194536_2_775ac774-928a-46c2-b95d-5932cf8b5f5b_200x200c436.jpg]
[itcstore.in/products/bingo-potato-chips-cream-and-onion-52g-india-products.html]
[itcstore.in/collections/vendors625f.html]
[cdn.shopify.com/s/files/1/0173/7644/4470/products/B01CHVRYSU.Main_48c31c3f-4c39-4de2-994c-b9c01b2981bc_200x2000930.jpg]
[cdn.shopify.com/s/files/1/0173/7644/4470/products/YUMRS20MASALA_8901725192235_2_200x2001919.jpg]
[itcstore.in/products/bingo-potato-chips-masala-52g-india-products.html]
[cdn.shopify.com/s/files/1/0173/7644/4470/products/B01GCDXNXO.Main_914bcf75-f64a-4988-858c-f4b5a31878a1_200x2001079.jpg]
[cdn.shopify.com/s/files/1/0173/7644/4470/products/YUMRS20SALTED_8901725191139_2_200x2001079.jpg]
[itcstore.in/products/bingo-yumitos-salted-potato-chips-52g-india-products.html]
[cdn.shopify.com/s/files/1/0173/7644/4470/products/B01GCDXL8G.Main_9bb836f1-21f7-44b5-9bee-de2a2e844818_200x200db54.jpg]
[cdn.shopify.com/s/files/1/0173/7644/4470/products/YUMRS20TOMATO_8901725193232_2_200x200a110.jpg]
[itcstore.in/products/bingo-potato-chips-tomato-52g-india-products.html]
[cdn.shopify.com/s/files/1/0173/7644/4470/products/MAMASMADNESSRS20_8901725198138_1_200x2006848.jpg]
[cdn.shopify.com/s/files/1/0173/7644/4470/products/72.5g-Gallery-1_1d418018-609a-4f43-81ab-4d19f8d1e9ec_200x2006848.jpg]
[itcstore.in/pages/bingo-mad-angles.html]
[cdn.shopify.com/s/files/1/0173/7644/4470/files/banner1c6f3.jpg]
[cdn.shopify.com/s/files/1/0173/7644/4470/files/banner1_480x480c6f3.jpg]
[itcstore.in/products/bingo-mad-angles-masala-madness-72-5g-india-products.html]
[cdn.shopify.com/s/files/1/0173/7644/4470/files/banner22edb.jpg]
[cdn.shopify.com/s/files/1/0173/7644/4470/files/banner35347.jpg]
[itcstore.in/collections/bingo-original-style.html]
[cdn.shopify.com/s/files/1/0173/7644/4470/files/video_4_ec04c484-4177-4219-9e5d-7b68894954547830.jpg]
[cdn.shopify.com/s/files/1/0173/7644/4470/files/video_5_66626c9b-b149-497d-9438-8bc887ce55dacc77.jpg]
[cdn.shopify.com/s/files/1/0173/7644/4470/files/video_6_25ea89db-892f-47a0-8dc1-535389d987d589da.jpg]
[itcstore.in/pages/bingo-original-style.html]
[cdn.shopify.com/s/files/1/0173/7644/4470/files/banner_1_f20ff89c-e9d8-4136-a8f1-5520d337640e58fd.jpg]
[cdn.shopify.com/s/files/1/0173/7644/4470/files/banner_1_f20ff89c-e9d8-4136-a8f1-5520d337640e_480x48058fd.jpg]
[cdn.shopify.com/s/files/1/0173/7644/4470/files/banner_3_b4f0695d-e7dd-4d86-b655-90ada1034e9ce701.jpg]
[itcstore.in/collections/bingo-potato-chips.html]
[cdn.shopify.com/s/files/1/0173/7644/4470/files/banner_4795c.jpg]
[cdn.shopify.com/s/files/1/0173/7644/4470/files/video318db.jpg]
[cdn.shopify.com/s/files/1/0173/7644/4470/files/video4ea32.jpg]
[cdn.shopify.com/s/files/1/0173/7644/4470/files/video5bff1.jpg]
[cdn.shopify.com/s/files/1/0173/7644/4470/files/video6_2166814f-50d4-4de4-b294-dfde4bfb80143a9c.jpg]
[itcstore.in/pages/bingo-potato-chips.html]
[cdn.shopify.com/s/files/1/0173/7644/4470/files/Catogery-1348-x-324_fce59794-ae95-40c8-821d-dcaadf79a6dc3958.png]
[cdn.shopify.com/s/files/1/0173/7644/4470/files/Tedhe_Medhe_Mobile_700x340_480x48058b6.png]
[itcstore.in/collections/bingo-tedhe-medhe.html]
[cdn.shopify.com/s/files/1/0173/7644/4470/files/A_-1300-x-600_5d016250-bb18-407b-8740-a7c1069deaae5e70.png]
[cdn.shopify.com/s/files/1/0173/7644/4470/files/Tedhe_Medhe_Mobile_700x450_480x4804827.png]
[itcstore.in/pages/bingo-tedhe-medhe.html]
[itcstore.in/collections/beverages/india-products.html]
[itcstore.in/collections/beverages.atom]
[itcstore.in/collections/beverages4658.html]
[cdn.shopify.com/s/files/1/0173/7644/4470/files/ITC_JAR_CREATIVES_2ad8d.jpg]
[itcstore.in/collections/beverages.oembed]
[cdn.shopify.com/s/files/1/0173/7644/4470/files/48909_ITC_SBBC_Web_Store_Creatives_Banner_Jar0e3e.jpg]
[itcstore.in/collections/beverages9ba9.html]
[itcstore.in/collections/beverages.html]
[cdn.shopify.com/s/files/1/0173/7644/4470/files/bnaturaldeskb429.jpg]
[cdn.shopify.com/s/files/1/0173/7644/4470/files/bnaturalmob_480x48014cd.jpg]
[itcstore.in/collections/beverages1d82.html]
[cdn.shopify.com/s/files/1/0173/7644/4470/files/B-Natural_2_x_1600_V4_copy_01-020f43.jpg]
[itcstore.in/collections/b-natural.html]
[cdn.shopify.com/s/files/1/0173/7644/4470/files/B-Natural-mobile_01-0475ae.jpg]
[cdn.shopify.com/s/files/1/0173/7644/4470/files/Desktop_New-02703d.jpg]
[cdn.shopify.com/s/files/1/0173/7644/4470/files/B-Natural-mobile-02bc2b.jpg]
[itcstore.in/pages/b-natural.html]
[cdn.shopify.com/s/files/1/0173/7644/4470/files/Desktop-Sunbean-Gourmet_c2768921-0d92-4115-87c7-5a159b13aec190fc.jpg]
[cdn.shopify.com/s/files/1/0173/7644/4470/files/Mobile-Sunbean-Gourmet_81eeccad-abe7-4bac-ac75-477a57021938_480x4806105.jpg]
[itcstore.in/collections/gourmet-sunbean-coffee.html]
[cdn.shopify.com/s/files/1/0173/7644/4470/files/47438_ITC_Sunbean-Gourmet-Coffee_Webpage-banners_1280x508pxc61b.jpg]
[itcstore.in/pages/gourmet-sunbean-coffee.html]
[itcstore.in/pages/sunbean-beaten-coffee.html]
[itcstore.in/pages/sunfeast-milkshakes.html]
[itcstore.in/collections/dairy.html]
[itcstore.in/pages/aashirvaad-svasti-ghee.html]
[itcstore.in/pages/itc-paneer.html]
